Component: ARM Compiler 6.15 Tool: armlink [5dd79300]

==============================================================================

Section Cross References

    main.o(.text.main) refers to millis.o(.text.configure_systick) for configure_systick
    main.o(.text.main) refers to servo.o(.text.init_servo_timer) for init_servo_timer
    main.o(.text.main) refers to servo.o(.text.init_servo_pin) for init_servo_pin
    main.o(.text.main) refers to ultrasonic.o(.text.initialize_pit) for initialize_pit
    main.o(.text.main) refers to ultrasonic.o(.text.initialize_timer) for initialize_timer
    main.o(.text.main) refers to ultrasonic.o(.text.init_pin_IC) for init_pin_IC
    main.o(.text.main) refers to ultrasonic.o(.text.init_Timer_IC) for init_Timer_IC
    main.o(.text.main) refers to lcd.o(.text.initialize_lcd) for initialize_lcd
    main.o(.text.main) refers to lcd.o(.text.lcd_init) for lcd_init
    main.o(.text.main) refers to lcd.o(.text.lcd_clear) for lcd_clear
    main.o(.text.main) refers to lcd.o(.text.lcd_goto) for lcd_goto
    main.o(.text.main) refers to lcd.o(.text.lcd_write_string) for lcd_write_string
    main.o(.text.main) refers to bluetooth.o(.text.bluetooth_init) for bluetooth_init
    main.o(.text.main) refers to bluetooth.o(.text.init_pins) for init_pins
    main.o(.text.main) refers to bluetooth.o(.text.Init_UART) for Init_UART
    main.o(.text.main) refers to bluetooth.o(.text.Send_String) for Send_String
    main.o(.text.main) refers to led.o(.text.initialize_leds) for initialize_leds
    main.o(.text.main) refers to ldr.o(.text.init_CMP_pin_Ldr) for init_CMP_pin_Ldr
    main.o(.text.main) refers to ldr.o(.text.Init_Comparator_Ldr) for Init_Comparator_Ldr
    main.o(.text.main) refers to seven.o(.text.initialize_seven_segment) for initialize_seven_segment
    main.o(.text.main) refers to move.o(.text.init_move_imer) for init_move_imer
    main.o(.text.main) refers to move.o(.text.init_move_pins) for init_move_pins
    main.o(.text.main) refers to ultrasonic.o(.text.get_distance) for get_distance
    main.o(.text.main) refers to seven.o(.text.display_digits) for display_digits
    main.o(.text.main) refers to millis.o(.text.millis) for millis
    main.o(.text.main) refers to led.o(.text.RBBBR) for RBBBR
    main.o(.text.main) refers to move.o(.text.move_reverse) for move_reverse
    main.o(.text.main) refers to main.o(.rodata..L__const.main.buff) for [Anonymous Symbol]
    main.o(.text.main) refers to main.o(.bss.distance) for distance
    main.o(.ARM.exidx.text.main) refers to main.o(.text.main) for [Anonymous Symbol]
    main.o(.text.handle_bluetooth_instruction) refers to led.o(.text.off_tail_light) for off_tail_light
    main.o(.text.handle_bluetooth_instruction) refers to bluetooth.o(.text.get_stop) for get_stop
    main.o(.text.handle_bluetooth_instruction) refers to led.o(.text.beep_twice) for beep_twice
    main.o(.text.handle_bluetooth_instruction) refers to move.o(.text.stop_move) for stop_move
    main.o(.text.handle_bluetooth_instruction) refers to bluetooth.o(.text.get_forward) for get_forward
    main.o(.text.handle_bluetooth_instruction) refers to led.o(.text.off_buzzer) for off_buzzer
    main.o(.text.handle_bluetooth_instruction) refers to led.o(.text.on_tail_red) for on_tail_red
    main.o(.text.handle_bluetooth_instruction) refers to move.o(.text.move_forward) for move_forward
    main.o(.text.handle_bluetooth_instruction) refers to bluetooth.o(.text.get_reverse) for get_reverse
    main.o(.text.handle_bluetooth_instruction) refers to led.o(.text.on_tail_white) for on_tail_white
    main.o(.text.handle_bluetooth_instruction) refers to led.o(.text.reverse_beep) for reverse_beep
    main.o(.text.handle_bluetooth_instruction) refers to move.o(.text.move_reverse) for move_reverse
    main.o(.text.handle_bluetooth_instruction) refers to bluetooth.o(.text.get_right) for get_right
    main.o(.text.handle_bluetooth_instruction) refers to move.o(.text.turn_right) for turn_right
    main.o(.text.handle_bluetooth_instruction) refers to bluetooth.o(.text.get_left) for get_left
    main.o(.text.handle_bluetooth_instruction) refers to move.o(.text.turn_left) for turn_left
    main.o(.text.handle_bluetooth_instruction) refers to bluetooth.o(.text.get_fast) for get_fast
    main.o(.text.handle_bluetooth_instruction) refers to bluetooth.o(.text.get_slow) for get_slow
    main.o(.text.handle_bluetooth_instruction) refers to bluetooth.o(.text.get_accelerate) for get_accelerate
    main.o(.text.handle_bluetooth_instruction) refers to bluetooth.o(.text.get_automatic) for get_automatic
    main.o(.text.handle_bluetooth_instruction) refers to move.o(.text.automatic_mode) for automatic_mode
    main.o(.ARM.exidx.text.handle_bluetooth_instruction) refers to main.o(.text.handle_bluetooth_instruction) for [Anonymous Symbol]
    main.o(.data.buff) refers to main.o(.rodata.str1.1) for .L.str.2
[...]
    libinit.o(.ARM.Collect$$libinit$$00000000) refers (Special) to libinit2.o(.ARM.Collect$$libinit$$00000011) for __rt_lib_init_lc_collate_1
    libinit.o(.ARM.Collect$$libinit$$00000000) refers (Special) to libinit2.o(.ARM.Collect$$libinit$$00000013) for __rt_lib_init_lc_ctype_1
    libinit.o(.ARM.Collect$$libinit$$00000000) refers (Special) to libinit2.o(.ARM.Collect$$libinit$$00000015) for __rt_lib_init_lc_monetary_1
    libinit.o(.ARM.Collect$$libinit$$00000000) refers (Special) to libinit2.o(.ARM.Collect$$libinit$$00000017) for __rt_lib_init_lc_numeric_1
    libinit.o(.ARM.Collect$$libinit$$00000000) refers (Special) to libinit2.o(.ARM.Collect$$libinit$$00000019) for __rt_lib_init_lc_time_1
    libinit.o(.ARM.Collect$$libinit$$00000000) refers (Special) to libinit2.o(.ARM.Collect$$libinit$$00000004) for __rt_lib_init_preinit_1
    libinit.o(.ARM.Collect$$libinit$$00000000) refers (Special) to libinit2.o(.ARM.Collect$$libinit$$0000000E) for __rt_lib_init_rand_1
    libinit.o(.ARM.Collect$$libinit$$00000000) refers (Special) to libinit2.o(.ARM.Collect$$libinit$$00000033) for __rt_lib_init_return
    libinit.o(.ARM.Collect$$libinit$$00000000) refers (Special) to libinit2.o(.ARM.Collect$$libinit$$0000001D) for __rt_lib_init_signal_1
    libinit.o(.ARM.Collect$$libinit$$00000000) refers (Special) to libinit2.o(.ARM.Collect$$libinit$$00000025) for __rt_lib_init_stdio_1
    libinit.o(.ARM.Collect$$libinit$$00000000) refers (Special) to libinit2.o(.ARM.Collect$$libinit$$0000000C) for __rt_lib_init_user_alloc_1
    libspace.o(.text) refers to libspace.o(.bss) for __libspace_start
    rtexit.o(.ARM.Collect$$rtexit$$00000000) refers (Special) to rtexit2.o(.ARM.Collect$$rtexit$$00000004) for __rt_exit_exit
    rtexit.o(.ARM.Collect$$rtexit$$00000000) refers (Special) to rtexit2.o(.ARM.Collect$$rtexit$$00000003) for __rt_exit_ls
    rtexit.o(.ARM.Collect$$rtexit$$00000000) refers (Special) to rtexit2.o(.ARM.Collect$$rtexit$$00000002) for __rt_exit_prels_1
    rtexit.o(.ARM.exidx) refers (Special) to rtexit2.o(.ARM.Collect$$rtexit$$00000004) for __rt_exit_exit
    rtexit.o(.ARM.exidx) refers (Special) to rtexit2.o(.ARM.Collect$$rtexit$$00000003) for __rt_exit_ls
    rtexit.o(.ARM.exidx) refers (Special) to rtexit2.o(.ARM.Collect$$rtexit$$00000002) for __rt_exit_prels_1
    rtexit.o(.ARM.exidx) refers to rtexit.o(.ARM.Collect$$rtexit$$00000000) for .ARM.Collect$$rtexit$$00000000
    rt_raise.o(.text) refers to __raise.o(.text) for __raise
    rt_raise.o(.text) refers to sys_exit.o(.text) for _sys_exit
    defsig_exit.o(.text) refers to sys_exit.o(.text) for _sys_exit
    defsig_fpe_inner.o(.text) refers to defsig_general.o(.text) for __default_signal_display
    libinit2.o(.ARM.Collect$$libinit$$00000010) refers to libinit2.o(.ARM.Collect$$libinit$$0000000F) for .ARM.Collect$$libinit$$0000000F
    libinit2.o(.ARM.Collect$$libinit$$00000012) refers to libinit2.o(.ARM.Collect$$libinit$$0000000F) for .ARM.Collect$$libinit$$0000000F
    libinit2.o(.ARM.Collect$$libinit$$00000014) refers to libinit2.o(.ARM.Collect$$libinit$$0000000F) for .ARM.Collect$$libinit$$0000000F
    libinit2.o(.ARM.Collect$$libinit$$00000016) refers to libinit2.o(.ARM.Collect$$libinit$$0000000F) for .ARM.Collect$$libinit$$0000000F
    libinit2.o(.ARM.Collect$$libinit$$00000018) refers to libinit2.o(.ARM.Collect$$libinit$$0000000F) for .ARM.Collect$$libinit$$0000000F
    libinit2.o(.ARM.Collect$$libinit$$00000026) refers to argv_veneer.o(.text) for __ARM_argv_veneer
    libinit2.o(.ARM.Collect$$libinit$$00000027) refers to argv_veneer.o(.text) for __ARM_argv_veneer
    sys_exit.o(.text) refers (Special) to use_no_semi.o(.text) for __I$use$semihosting
    sys_exit.o(.text) refers (Special) to indicate_semi.o(.text) for __semihosting_library_function
    sys_exit_hlt.o(.text) refers (Special) to use_no_semi.o(.text) for __I$use$semihosting
    sys_exit_hlt.o(.text) refers (Special) to indicate_semi.o(.text) for __semihosting_library_function
    rtexit2.o(.ARM.Collect$$rtexit$$00000003) refers to libshutdown.o(.ARM.Collect$$libshutdown$$00000000) for __rt_lib_shutdown
    rtexit2.o(.ARM.Collect$$rtexit$$00000004) refers to sys_exit.o(.text) for _sys_exit
    rtexit2.o(.ARM.exidx) refers to rtexit2.o(.ARM.Collect$$rtexit$$00000001) for .ARM.Collect$$rtexit$$00000001
    rtexit2.o(.ARM.exidx) refers to rtexit2.o(.ARM.Collect$$rtexit$$00000003) for .ARM.Collect$$rtexit$$00000003
    rtexit2.o(.ARM.exidx) refers to rtexit2.o(.ARM.Collect$$rtexit$$00000004) for .ARM.Collect$$rtexit$$00000004
    __raise.o(.text) refers to defsig.o(CL$$defsig) for __default_signal_handler
    defsig_general.o(.text) refers to sys_wrch.o(.text) for _ttywrch
    sys_wrch.o(.text) refers (Special) to use_no_semi.o(.text) for __I$use$semihosting
    sys_wrch.o(.text) refers (Special) to indicate_semi.o(.text) for __semihosting_library_function
    sys_wrch_hlt.o(.text) refers (Special) to use_no_semi.o(.text) for __I$use$semihosting
    sys_wrch_hlt.o(.text) refers (Special) to indicate_semi.o(.text) for __semihosting_library_function
    defsig.o(CL$$defsig) refers to defsig_fpe_inner.o(.text) for __rt_SIGFPE_inner
    defsig.o(CL$$defsig) refers to defsig_rtmem_inner.o(.text) for __rt_SIGRTMEM_inner
    _get_argv_nomalloc.o(.text) refers (Special) to hrguard.o(.text) for __heap_region$guard
    _get_argv_nomalloc.o(.text) refers to defsig_rtmem_outer.o(.text) for __rt_SIGRTMEM
    _get_argv_nomalloc.o(.text) refers to sys_command.o(.text) for _sys_command_string
    libshutdown.o(.ARM.Collect$$libshutdown$$00000000) refers (Special) to libshutdown2.o(.ARM.Collect$$libshutdown$$00000002) for __rt_lib_shutdown_cpp_1
    libshutdown.o(.ARM.Collect$$libshutdown$$00000000) refers (Special) to libshutdown2.o(.ARM.Collect$$libshutdown$$00000007) for __rt_lib_shutdown_fp_trap_1
    libshutdown.o(.ARM.Collect$$libshutdown$$00000000) refers (Special) to libshutdown2.o(.ARM.Collect$$libshutdown$$0000000F) for __rt_lib_shutdown_heap_1
    libshutdown.o(.ARM.Collect$$libshutdown$$00000000) refers (Special) to libshutdown2.o(.ARM.Collect$$libshutdown$$00000010) for __rt_lib_shutdown_return
    libshutdown.o(.ARM.Collect$$libshutdown$$00000000) refers (Special) to libshutdown2.o(.ARM.Collect$$libshutdown$$0000000A) for __rt_lib_shutdown_signal_1
    libshutdown.o(.ARM.Collect$$libshutdown$$00000000) refers (Special) to libshutdown2.o(.ARM.Collect$$libshutdown$$00000004) for __rt_lib_shutdown_stdio_1
    libshutdown.o(.ARM.Collect$$libshutdown$$00000000) refers (Special) to libshutdown2.o(.ARM.Collect$$libshutdown$$0000000C) for __rt_lib_shutdown_user_alloc_1
    sys_command.o(.text) refers (Special) to use_no_semi.o(.text) for __I$use$semihosting
    sys_command.o(.text) refers (Special) to indicate_semi.o(.text) for __semihosting_library_function
    sys_command_hlt.o(.text) refers (Special) to use_no_semi.o(.text) for __I$use$semihosting
    sys_command_hlt.o(.text) refers (Special) to indicate_semi.o(.text) for __semihosting_library_function
    defsig_abrt_inner.o(.text) refers to defsig_general.o(.text) for __default_signal_display
    defsig_rtred_inner.o(.text) refers to defsig_general.o(.text) for __default_signal_display
    defsig_rtmem_inner.o(.text) refers to defsig_general.o(.text) for __default_signal_display
    defsig_rtmem_outer.o(.text) refers to defsig_rtmem_inner.o(.text) for __rt_SIGRTMEM_inner
    defsig_rtmem_outer.o(.text) refers to defsig_exit.o(.text) for __sig_exit
    defsig_rtmem_formal.o(.text) refers to rt_raise.o(.text) for __rt_raise
    defsig_stak_inner.o(.text) refers to defsig_general.o(.text) for __default_signal_display
    defsig_pvfn_inner.o(.text) refers to defsig_general.o(.text) for __default_signal_display
    defsig_cppl_inner.o(.text) refers to defsig_general.o(.text) for __default_signal_display
    defsig_segv_inner.o(.text) refers to defsig_general.o(.text) for __default_signal_display
    defsig_other.o(.text) refers to defsig_general.o(.text) for __default_signal_display


==============================================================================

Removing Unused input sections from the image.

    Removing main.o(.text), (0 bytes).
    Removing main.o(.ARM.exidx.text.main), (8 bytes).
    Removing main.o(.text.handle_bluetooth_instruction), (124 bytes).
    Removing main.o(.ARM.exidx.text.handle_bluetooth_instruction), (8 bytes).
    Removing main.o(.bss.stop_counts), (4 bytes).
    Removing main.o(.bss.bluetooth_instruction), (4 bytes).
    Removing main.o(.bss.previous_instruction), (4 bytes).
    Removing main.o(.rodata.str1.1), (1 bytes).
    Removing main.o(.data.buff), (4 bytes).
    Removing main.o(.ARM.use_no_argv), (4 bytes).
    Removing servo.o(.text), (0 bytes).
    Removing servo.o(.ARM.exidx.text.init_servo_timer), (8 bytes).
    Removing servo.o(.ARM.exidx.text.__NVIC_ClearPendingIRQ), (8 bytes).
    Removing servo.o(.ARM.exidx.text.__NVIC_SetPriority), (8 bytes).
    Removing servo.o(.ARM.exidx.text.__NVIC_EnableIRQ), (8 bytes).
    Removing servo.o(.ARM.exidx.text.TPM0_IRQHandler), (8 bytes).
    Removing servo.o(.ARM.exidx.text.init_servo_pin), (8 bytes).
    Removing servo.o(.text.turn_servo_left), (2 bytes).
    Removing servo.o(.ARM.exidx.text.turn_servo_left), (8 bytes).
    Removing servo.o(.text.turn_servo_forward), (2 bytes).
    Removing servo.o(.ARM.exidx.text.turn_servo_forward), (8 bytes).
    Removing servo.o(.text.turn_servo_right), (2 bytes).
    Removing servo.o(.ARM.exidx.text.turn_servo_right), (8 bytes).
    Removing ultrasonic.o(.text), (0 bytes).
    Removing ultrasonic.o(.ARM.exidx.text.init_pin_IC), (8 bytes).
    Removing ultrasonic.o(.ARM.exidx.text.init_Timer_IC), (8 bytes).
    Removing ultrasonic.o(.ARM.exidx.text.__NVIC_ClearPendingIRQ), (8 bytes).
    Removing ultrasonic.o(.ARM.exidx.text.__NVIC_SetPriority), (8 bytes).
    Removing ultrasonic.o(.ARM.exidx.text.__NVIC_EnableIRQ), (8 bytes).
    Removing ultrasonic.o(.ARM.exidx.text.TPM2_IRQHandler), (8 bytes).
    Removing ultrasonic.o(.ARM.exidx.text.initialize_pit), (8 bytes).
    Removing ultrasonic.o(.ARM.exidx.text.initialize_timer), (8 bytes).
    Removing ultrasonic.o(.ARM.exidx.text.PIT_IRQHandler), (8 bytes).
    Removing ultrasonic.o(.ARM.exidx.text.get_distance), (8 bytes).
    Removing lcd.o(.text), (0 bytes).
    Removing lcd.o(.ARM.exidx.text.initialize_lcd), (8 bytes).
    Removing lcd.o(.ARM.exidx.text.delay_ms), (8 bytes).
    Removing lcd.o(.ARM.exidx.text.lcd_write_instruc), (8 bytes).
    Removing lcd.o(.ARM.exidx.text.lcd_write_char), (8 bytes).
    Removing lcd.o(.ARM.exidx.text.lcd_init), (8 bytes).
    Removing lcd.o(.ARM.exidx.text.lcd_clear), (8 bytes).
    Removing lcd.o(.ARM.exidx.text.lcd_goto), (8 bytes).
    Removing lcd.o(.ARM.exidx.text.lcd_write_string), (8 bytes).
    Removing bluetooth.o(.text), (0 bytes).
    Removing bluetooth.o(.ARM.exidx.text.init_pins), (8 bytes).
    Removing bluetooth.o(.ARM.exidx.text.Init_UART), (8 bytes).
    Removing bluetooth.o(.ARM.exidx.text.__NVIC_SetPriority), (8 bytes).
    Removing bluetooth.o(.ARM.exidx.text.__NVIC_ClearPendingIRQ), (8 bytes).
    Removing bluetooth.o(.ARM.exidx.text.__NVIC_EnableIRQ), (8 bytes).
    Removing bluetooth.o(.text.Init_UART_fuller), (68 bytes).
    Removing bluetooth.o(.ARM.exidx.text.Init_UART_fuller), (8 bytes).
    Removing bluetooth.o(.ARM.exidx.text.UART0_IRQHandler), (8 bytes).
    Removing bluetooth.o(.ARM.exidx.text.Send_String), (8 bytes).
    Removing bluetooth.o(.text.doTxRx_task), (644 bytes).
    Removing bluetooth.o(.ARM.exidx.text.doTxRx_task), (8 bytes).
    Removing bluetooth.o(.ARM.exidx.text.bluetooth_init), (8 bytes).
    Removing bluetooth.o(.text.get_bluetooth_message), (12 bytes).
    Removing bluetooth.o(.ARM.exidx.text.get_bluetooth_message), (8 bytes).
    Removing bluetooth.o(.text.get_forward), (12 bytes).
    Removing bluetooth.o(.ARM.exidx.text.get_forward), (8 bytes).
    Removing bluetooth.o(.text.get_reverse), (12 bytes).
    Removing bluetooth.o(.ARM.exidx.text.get_reverse), (8 bytes).
    Removing bluetooth.o(.text.get_left), (12 bytes).
    Removing bluetooth.o(.ARM.exidx.text.get_left), (8 bytes).
    Removing bluetooth.o(.text.get_right), (12 bytes).
    Removing bluetooth.o(.ARM.exidx.text.get_right), (8 bytes).
    Removing bluetooth.o(.text.get_stop), (12 bytes).
    Removing bluetooth.o(.ARM.exidx.text.get_stop), (8 bytes).
    Removing bluetooth.o(.text.get_fast), (12 bytes).
    Removing bluetooth.o(.ARM.exidx.text.get_fast), (8 bytes).
    Removing bluetooth.o(.text.get_slow), (12 bytes).
    Removing bluetooth.o(.ARM.exidx.text.get_slow), (8 bytes).
    Removing bluetooth.o(.text.get_accelerate), (12 bytes).
    Removing bluetooth.o(.ARM.exidx.text.get_accelerate), (8 bytes).
    Removing bluetooth.o(.text.get_automatic), (12 bytes).
    Removing bluetooth.o(.ARM.exidx.text.get_automatic), (8 bytes).
    Removing bluetooth.o(.text.set_forward), (12 bytes).
    Removing bluetooth.o(.ARM.exidx.text.set_forward), (8 bytes).
    Removing bluetooth.o(.text.set_reverse), (12 bytes).
    Removing bluetooth.o(.ARM.exidx.text.set_reverse), (8 bytes).
    Removing bluetooth.o(.text.set_left), (12 bytes).
    Removing bluetooth.o(.ARM.exidx.text.set_left), (8 bytes).
    Removing bluetooth.o(.text.set_right), (12 bytes).
    Removing bluetooth.o(.ARM.exidx.text.set_right), (8 bytes).
    Removing bluetooth.o(.text.set_stop), (80 bytes).
    Removing bluetooth.o(.ARM.exidx.text.set_stop), (8 bytes).
    Removing bluetooth.o(.text.set_fast), (12 bytes).
    Removing bluetooth.o(.ARM.exidx.text.set_fast), (8 bytes).
    Removing bluetooth.o(.text.set_slow), (12 bytes).
    Removing bluetooth.o(.ARM.exidx.text.set_slow), (8 bytes).
    Removing bluetooth.o(.text.set_accelerate), (12 bytes).
    Removing bluetooth.o(.ARM.exidx.text.set_accelerate), (8 bytes).
    Removing bluetooth.o(.text.set_automatic), (12 bytes).
    Removing bluetooth.o(.ARM.exidx.text.set_automatic), (8 bytes).
    Removing bluetooth.o(.bss.forward), (4 bytes).
    Removing bluetooth.o(.bss.reverse), (4 bytes).
    Removing bluetooth.o(.bss.left), (4 bytes).
    Removing bluetooth.o(.bss.right), (4 bytes).
    Removing bluetooth.o(.data.stop), (4 bytes).
    Removing bluetooth.o(.bss.fast), (4 bytes).
    Removing bluetooth.o(.bss.slow), (4 bytes).
    Removing bluetooth.o(.bss.accelerate), (4 bytes).
    Removing bluetooth.o(.bss.automatic), (4 bytes).
    Removing queues.o(.text), (0 bytes).
    Removing queues.o(.ARM.exidx.text.Q_Init), (8 bytes).
    Removing queues.o(.ARM.exidx.text.Q_Empty), (8 bytes).
    Removing queues.o(.ARM.exidx.text.Q_Full), (8 bytes).
    Removing queues.o(.text.Q_Size), (4 bytes).
    Removing queues.o(.ARM.exidx.text.Q_Size), (8 bytes).
    Removing queues.o(.ARM.exidx.text.Q_Enqueue), (8 bytes).
    Removing queues.o(.ARM.exidx.text.Q_Dequeue), (8 bytes).
    Removing led.o(.text), (0 bytes).
    Removing led.o(.ARM.exidx.text.initialize_leds), (8 bytes).
    Removing led.o(.ARM.exidx.text.RBBBR), (8 bytes).
    Removing led.o(.text.on_tail_red), (20 bytes).
    Removing led.o(.ARM.exidx.text.on_tail_red), (8 bytes).
    Removing led.o(.text.on_tail_white), (20 bytes).
    Removing led.o(.ARM.exidx.text.on_tail_white), (8 bytes).
    Removing led.o(.text.off_tail_light), (20 bytes).
    Removing led.o(.ARM.exidx.text.off_tail_light), (8 bytes).
    Removing led.o(.text.reverse_beep), (56 bytes).
    Removing led.o(.ARM.exidx.text.reverse_beep), (8 bytes).
    Removing led.o(.text.off_buzzer), (16 bytes).
    Removing led.o(.ARM.exidx.text.off_buzzer), (8 bytes).
    Removing led.o(.text.beep_twice), (208 bytes).
    Removing led.o(.ARM.exidx.text.beep_twice), (8 bytes).
    Removing led.o(.bss.buzzer_last_run), (4 bytes).
    Removing led.o(.bss.cur_stop), (4 bytes).
    Removing led.o(.bss.beep_twice.s), (1 bytes).
    Removing led.o(.bss.beep_twice_last_run), (4 bytes).
    Removing led.o(.bss.prev_stop), (4 bytes).
    Removing millis.o(.text), (0 bytes).
    Removing millis.o(.ARM.exidx.text.configure_systick), (8 bytes).
    Removing millis.o(.ARM.exidx.text.millis), (8 bytes).
    Removing millis.o(.ARM.exidx.text.SysTick_Handler), (8 bytes).
    Removing ldr.o(.text), (0 bytes).
    Removing ldr.o(.ARM.exidx.text.Init_Comparator_Ldr), (8 bytes).
    Removing ldr.o(.ARM.exidx.text.init_CMP_pin_Ldr), (8 bytes).
    Removing seven.o(.text), (0 bytes).
    Removing seven.o(.ARM.exidx.text.initialize_seven_segment), (8 bytes).
    Removing seven.o(.ARM.exidx.text.display_digits), (8 bytes).
    Removing seven.o(.ARM.exidx.text.display), (8 bytes).
    Removing move.o(.text), (0 bytes).
    Removing move.o(.ARM.exidx.text.init_move_imer), (8 bytes).
    Removing move.o(.ARM.exidx.text.__NVIC_ClearPendingIRQ), (8 bytes).
    Removing move.o(.ARM.exidx.text.__NVIC_SetPriority), (8 bytes).
    Removing move.o(.ARM.exidx.text.__NVIC_EnableIRQ), (8 bytes).
    Removing move.o(.ARM.exidx.text.TPM1_IRQHandler), (8 bytes).
    Removing move.o(.ARM.exidx.text.init_move_pins), (8 bytes).
    Removing move.o(.text.move_forward), (24 bytes).
    Removing move.o(.ARM.exidx.text.move_forward), (8 bytes).
    Removing move.o(.ARM.exidx.text.move_reverse), (8 bytes).
    Removing move.o(.text.turn_left), (28 bytes).
    Removing move.o(.ARM.exidx.text.turn_left), (8 bytes).
    Removing move.o(.text.turn_right), (28 bytes).
    Removing move.o(.ARM.exidx.text.turn_right), (8 bytes).
    Removing move.o(.text.stop_move), (24 bytes).
    Removing move.o(.ARM.exidx.text.stop_move), (8 bytes).
    Removing move.o(.text.automatic_mode), (28 bytes).
    Removing move.o(.ARM.exidx.text.automatic_mode), (8 bytes).
    Removing blinkrate.o(.text), (0 bytes).
    Removing blinkrate.o(.text.do_blink_rate), (72 bytes).
    Removing blinkrate.o(.ARM.exidx.text.do_blink_rate), (8 bytes).
    Removing blinkrate.o(.text.init_ADC), (120 bytes).
    Removing blinkrate.o(.ARM.exidx.text.init_ADC), (8 bytes).
    Removing blinkrate.o(.text.measure_POT), (48 bytes).
    Removing blinkrate.o(.ARM.exidx.text.measure_POT), (8 bytes).
    Removing blinkrate.o(.bss.cur_time), (4 bytes).
    Removing blinkrate.o(.bss.l_run), (4 bytes).
    Removing blinkrate.o(.bss.bufff), (20 bytes).
    Removing system_mkl25z4.o(.text), (0 bytes).
    Removing system_mkl25z4.o(.ARM.exidx.text.SystemInit), (8 bytes).
    Removing system_mkl25z4.o(.text.SystemCoreClockUpdate), (272 bytes).
    Removing system_mkl25z4.o(.ARM.exidx.text.SystemCoreClockUpdate), (8 bytes).
    Removing system_mkl25z4.o(.data.SystemCoreClock), (4 bytes).

175 unused section(s) (total 3008 bytes) removed from the image.

==============================================================================

Image Symbol Table

    Local Symbols

    Symbol Name                              Value     Ov Type        Size  Object(Section)

    ../clib/angel/boardlib.s                 0x00000000   Number         0  boardinit1.o ABSOLUTE
    ../clib/angel/boardlib.s                 0x00000000   Number         0  boardinit2.o ABSOLUTE
    ../clib/angel/boardlib.s                 0x00000000   Number         0  boardinit3.o ABSOLUTE
    ../clib/angel/boardlib.s                 0x00000000   Number         0  boardshut.o ABSOLUTE
    ../clib/angel/handlers.s                 0x00000000   Number         0  __scatter_copy.o ABSOLUTE
    ../clib/angel/handlers.s                 0x00000000   Number         0  __scatter_zi.o ABSOLUTE
    ../clib/angel/kernel.s                   0x00000000   Number         0  __rtentry.o ABSOLUTE
    ../clib/angel/kernel.s                   0x00000000   Number         0  __rtentry2.o ABSOLUTE
    ../clib/angel/kernel.s                   0x00000000   Number         0  __rtentry4.o ABSOLUTE
    ../clib/angel/kernel.s                   0x00000000   Number         0  rtexit.o ABSOLUTE
    ../clib/angel/kernel.s                   0x00000000   Number         0  rtexit2.o ABSOLUTE
    ../clib/angel/rt.s                       0x00000000   Number         0  aeabi_idiv0.o ABSOLUTE
    ../clib/angel/rt.s                       0x00000000   Number         0  aeabi_idiv0_sigfpe.o ABSOLUTE
    ../clib/angel/rt.s                       0x00000000   Number         0  rt_div0.o ABSOLUTE
    ../clib/angel/rt.s                       0x00000000   Number         0  rt_raise.o ABSOLUTE
    ../clib/angel/scatterp.s                 0x00000000   Number         0  __scatter.o ABSOLUTE
    ../clib/angel/startup.s                  0x00000000   Number         0  __main.o ABSOLUTE
    ../clib/angel/sys.s                      0x00000000   Number         0  sys_stackheap_outer.o ABSOLUTE
    ../clib/angel/sys.s                      0x00000000   Number         0  libspace.o ABSOLUTE
    ../clib/angel/sys.s                      0x00000000   Number         0  tempstk.o ABSOLUTE
    ../clib/angel/sys.s                      0x00000000   Number         0  use_no_semi.o ABSOLUTE
    ../clib/angel/sys.s                      0x00000000   Number         0  indicate_semi.o ABSOLUTE
    ../clib/angel/sysapp.c                   0x00000000   Number         0  sys_exit.o ABSOLUTE
    ../clib/angel/sysapp.c                   0x00000000   Number         0  sys_exit_hlt.o ABSOLUTE
    ../clib/angel/sysapp.c                   0x00000000   Number         0  sys_wrch.o ABSOLUTE
    ../clib/angel/sysapp.c                   0x00000000   Number         0  sys_wrch_hlt.o ABSOLUTE
    ../clib/angel/sysapp.c                   0x00000000   Number         0  sys_command.o ABSOLUTE
    ../clib/angel/sysapp.c                   0x00000000   Number         0  sys_command_hlt.o ABSOLUTE
    ../clib/armsys.c                         0x00000000   Number         0  argv_veneer.o ABSOLUTE
    ../clib/armsys.c                         0x00000000   Number         0  _get_argv_nomalloc.o ABSOLUTE
    ../clib/armsys.c                         0x00000000   Number         0  no_argv.o ABSOLUTE
    ../clib/division.s                       0x00000000   Number         0  aeabi_sdivfast.o ABSOLUTE
    ../clib/division.s                       0x00000000   Number         0  aeabi_sdivfast_div0.o ABSOLUTE
    ../clib/heapalloc.c                      0x00000000   Number         0  hrguard.o ABSOLUTE
    ../clib/heapaux.c                        0x00000000   Number         0  heapauxi.o ABSOLUTE
    ../clib/libinit.s                        0x00000000   Number         0  libinit.o ABSOLUTE
    ../clib/libinit.s                        0x00000000   Number         0  libinit2.o ABSOLUTE
    ../clib/libinit.s                        0x00000000   Number         0  libshutdown.o ABSOLUTE
    ../clib/libinit.s                        0x00000000   Number         0  libshutdown2.o ABSOLUTE
    ../clib/printf.c                         0x00000000   Number         0  __2sprintf.o ABSOLUTE
    ../clib/printf.c                         0x00000000   Number         0  noretval__2sprintf.o ABSOLUTE
    ../clib/printf.c                         0x00000000   Number         0  __printf.o ABSOLUTE
    ../clib/printf.c                         0x00000000   Number         0  _printf_str.o ABSOLUTE
    ../clib/printf.c                         0x00000000   Number         0  __printf_flags.o ABSOLUTE
    ../clib/printf.c                         0x00000000   Number         0  __printf_ss.o ABSOLUTE
    ../clib/printf.c                         0x00000000   Number         0  __printf_flags_ss.o ABSOLUTE
    ../clib/printf.c                         0x00000000   Number         0  __printf_wp.o ABSOLUTE
    ../clib/printf.c                         0x00000000   Number         0  __printf_flags_wp.o ABSOLUTE
    ../clib/printf.c                         0x00000000   Number         0  __printf_ss_wp.o ABSOLUTE
    ../clib/printf.c                         0x00000000   Number         0  __printf_flags_ss_wp.o ABSOLUTE
    ../clib/printf.c                         0x00000000   Number         0  _printf_char_common.o ABSOLUTE
    ../clib/printf.c                         0x00000000   Number         0  _sputc.o ABSOLUTE
    ../clib/printf.c                         0x00000000   Number         0  _printf_char.o ABSOLUTE
    ../clib/printf.c                         0x00000000   Number         0  __printf_nopercent.o ABSOLUTE
    ../clib/printf_percent.s                 0x00000000   Number         0  _printf_c.o ABSOLUTE
    ../clib/printf_percent.s                 0x00000000   Number         0  _printf_percent.o ABSOLUTE
    ../clib/printf_percent.s                 0x00000000   Number         0  _printf_percent_end.o ABSOLUTE
    ../clib/signal.c                         0x00000000   Number         0  defsig_fpe_outer.o ABSOLUTE
    ../clib/signal.c                         0x00000000   Number         0  defsig_fpe_formal.o ABSOLUTE
    ../clib/signal.c                         0x00000000   Number         0  defsig_exit.o ABSOLUTE
    ../clib/signal.c                         0x00000000   Number         0  defsig_fpe_inner.o ABSOLUTE
    ../clib/signal.c                         0x00000000   Number         0  __raise.o ABSOLUTE
    ../clib/signal.c                         0x00000000   Number         0  defsig_general.o ABSOLUTE
    ../clib/signal.c                         0x00000000   Number         0  defsig_abrt_inner.o ABSOLUTE
    ../clib/signal.c                         0x00000000   Number         0  defsig_rtred_inner.o ABSOLUTE
    ../clib/signal.c                         0x00000000   Number         0  defsig_rtmem_inner.o ABSOLUTE
    ../clib/signal.c                         0x00000000   Number         0  defsig_rtmem_outer.o ABSOLUTE
    ../clib/signal.c                         0x00000000   Number         0  defsig_rtmem_formal.o ABSOLUTE
    ../clib/signal.c                         0x00000000   Number         0  defsig_stak_inner.o ABSOLUTE
    ../clib/signal.c                         0x00000000   Number         0  defsig_pvfn_inner.o ABSOLUTE
    ../clib/signal.c                         0x00000000   Number         0  defsig_cppl_inner.o ABSOLUTE
    ../clib/signal.c                         0x00000000   Number         0  defsig_segv_inner.o ABSOLUTE
    ../clib/signal.c                         0x00000000   Number         0  defsig_other.o ABSOLUTE
    ../clib/signal.s                         0x00000000   Number         0  defsig.o ABSOLUTE
    ../clib/stdlib.c                         0x00000000   Number         0  exit.o ABSOLUTE
    ../clib/string.c                         0x00000000   Number         0  memcmp.o ABSOLUTE
    ../fplib/cfplib/fdiv.c                   0x00000000   Number         0  fdiv.o ABSOLUTE
    ../fplib/cfplib/ffix.c                   0x00000000   Number         0  ffixi.o ABSOLUTE
    ../fplib/cfplib/fflt.c                   0x00000000   Number         0  fflti.o ABSOLUTE
    ../fplib/cfplib/fpinit.c                 0x00000000   Number         0  fpinit.o ABSOLUTE
    ../fplib/fmul6m.s                        0x00000000   Number         0  fmul.o ABSOLUTE
    ../fplib/usenofp.s                       0x00000000   Number         0  usenofp.o ABSOLUTE
    RTE/Device/MKL25Z128xxx4/startup_MKL25Z4.s 0x00000000   Number         0  startup_mkl25z4.o ABSOLUTE
    blinkrate.c                              0x00000000   Number         0  blinkrate.o ABSOLUTE
    bluetooth.c                              0x00000000   Number         0  bluetooth.o ABSOLUTE
    dc.s                                     0x00000000   Number         0  dc.o ABSOLUTE
    lcd.c                                    0x00000000   Number         0  lcd.o ABSOLUTE
    ldr.c                                    0x00000000   Number         0  ldr.o ABSOLUTE
    led.c                                    0x00000000   Number         0  led.o ABSOLUTE
    main.c                                   0x00000000   Number         0  main.o ABSOLUTE
    millis.c                                 0x00000000   Number         0  millis.o ABSOLUTE
    move.c                                   0x00000000   Number         0  move.o ABSOLUTE
    queues.c                                 0x00000000   Number         0  queues.o ABSOLUTE
    servo.c                                  0x00000000   Number         0  servo.o ABSOLUTE
    seven.c                                  0x00000000   Number         0  seven.o ABSOLUTE
    system_MKL25Z4.c                         0x00000000   Number         0  system_mkl25z4.o ABSOLUTE
    ultrasonic.c                             0x00000000   Number         0  ultrasonic.o ABSOLUTE
    RESET                                    0x00000000   Section      192  startup_mkl25z4.o(RESET)
    !!!main                                  0x000000c0   Section        8  __main.o(!!!main)
    !!!scatter                               0x000000c8   Section       60  __scatter.o(!!!scatter)
    !!handler_copy                           0x00000104   Section       26  __scatter_copy.o(!!handler_copy)
    !!handler_zi                             0x00000120   Section       28  __scatter_zi.o(!!handler_zi)
    .ARM.Collect$$_printf_percent$$00000000  0x0000013c   Section        2  _printf_percent.o(.ARM.Collect$$_printf_percent$$00000000)
    .ARM.Collect$$_printf_percent$$00000013  0x0000013e   Section       10  _printf_c.o(.ARM.Collect$$_printf_percent$$00000013)
    .ARM.Collect$$_printf_percent$$00000017  0x00000148   Section        4  _printf_percent_end.o(.ARM.Collect$$_printf_percent$$00000017)
    .ARM.Collect$$libinit$$00000000          0x0000014c   Section        2  libinit.o(.ARM.Collect$$libinit$$00000000)
    .ARM.Collect$$libinit$$00000002          0x0000014e   Section        0  libinit2.o(.ARM.Collect$$libinit$$00000002)
    .ARM.Collect$$libinit$$00000004          0x0000014e   Section        0  libinit2.o(.ARM.Collect$$libinit$$00000004)
    .ARM.Collect$$libinit$$0000000A          0x0000014e   Section        0  libinit2.o(.ARM.Collect$$libinit$$0000000A)
    .ARM.Collect$$libinit$$0000000C          0x0000014e   Section        0  libinit2.o(.ARM.Collect$$libinit$$0000000C)
    .ARM.Collect$$libinit$$0000000E          0x0000014e   Section        0  libinit2.o(.ARM.Collect$$libinit$$0000000E)
    .ARM.Collect$$libinit$$00000011          0x0000014e   Section        0  libinit2.o(.ARM.Collect$$libinit$$00000011)
    .ARM.Collect$$libinit$$00000013          0x0000014e   Section        0  libinit2.o(.ARM.Collect$$libinit$$00000013)
    .ARM.Collect$$libinit$$00000015          0x0000014e   Section        0  libinit2.o(.ARM.Collect$$libinit$$00000015)
    .ARM.Collect$$libinit$$00000017          0x0000014e   Section        0  libinit2.o(.ARM.Collect$$libinit$$00000017)
    .ARM.Collect$$libinit$$00000019          0x0000014e   Section        0  libinit2.o(.ARM.Collect$$libinit$$00000019)
    .ARM.Collect$$libinit$$0000001B          0x0000014e   Section        0  libinit2.o(.ARM.Collect$$libinit$$0000001B)
    .ARM.Collect$$libinit$$0000001D          0x0000014e   Section        0  libinit2.o(.ARM.Collect$$libinit$$0000001D)
    .ARM.Collect$$libinit$$0000001F          0x0000014e   Section        0  libinit2.o(.ARM.Collect$$libinit$$0000001F)
    .ARM.Collect$$libinit$$00000021          0x0000014e   Section        0  libinit2.o(.ARM.Collect$$libinit$$00000021)
    .ARM.Collect$$libinit$$00000023          0x0000014e   Section        0  libinit2.o(.ARM.Collect$$libinit$$00000023)
    .ARM.Collect$$libinit$$00000025          0x0000014e   Section        0  libinit2.o(.ARM.Collect$$libinit$$00000025)
    .ARM.Collect$$libinit$$0000002C          0x0000014e   Section        0  libinit2.o(.ARM.Collect$$libinit$$0000002C)
    .ARM.Collect$$libinit$$0000002E          0x0000014e   Section        0  libinit2.o(.ARM.Collect$$libinit$$0000002E)
    .ARM.Collect$$libinit$$00000030          0x0000014e   Section        0  libinit2.o(.ARM.Collect$$libinit$$00000030)
    .ARM.Collect$$libinit$$00000032          0x0000014e   Section        0  libinit2.o(.ARM.Collect$$libinit$$00000032)
    .ARM.Collect$$libinit$$00000033          0x0000014e   Section        2  libinit2.o(.ARM.Collect$$libinit$$00000033)
    .ARM.Collect$$libshutdown$$00000000      0x00000150   Section        2  libshutdown.o(.ARM.Collect$$libshutdown$$00000000)
    .ARM.Collect$$libshutdown$$00000002      0x00000152   Section        0  libshutdown2.o(.ARM.Collect$$libshutdown$$00000002)
    .ARM.Collect$$libshutdown$$00000004      0x00000152   Section        0  libshutdown2.o(.ARM.Collect$$libshutdown$$00000004)
    .ARM.Collect$$libshutdown$$00000007      0x00000152   Section        0  libshutdown2.o(.ARM.Collect$$libshutdown$$00000007)
    .ARM.Collect$$libshutdown$$0000000A      0x00000152   Section        0  libshutdown2.o(.ARM.Collect$$libshutdown$$0000000A)
    .ARM.Collect$$libshutdown$$0000000C      0x00000152   Section        0  libshutdown2.o(.ARM.Collect$$libshutdown$$0000000C)
    .ARM.Collect$$libshutdown$$0000000F      0x00000152   Section        0  libshutdown2.o(.ARM.Collect$$libshutdown$$0000000F)
    .ARM.Collect$$libshutdown$$00000010      0x00000152   Section        2  libshutdown2.o(.ARM.Collect$$libshutdown$$00000010)
    .ARM.Collect$$rtentry$$00000000          0x00000154   Section        0  __rtentry.o(.ARM.Collect$$rtentry$$00000000)
    .ARM.Collect$$rtentry$$00000002          0x00000154   Section        0  __rtentry2.o(.ARM.Collect$$rtentry$$00000002)
    .ARM.Collect$$rtentry$$00000004          0x00000154   Section        6  __rtentry4.o(.ARM.Collect$$rtentry$$00000004)
    .ARM.Collect$$rtentry$$00000009          0x0000015a   Section        0  __rtentry2.o(.ARM.Collect$$rtentry$$00000009)
    .ARM.Collect$$rtentry$$0000000A          0x0000015a   Section        4  __rtentry2.o(.ARM.Collect$$rtentry$$0000000A)
    .ARM.Collect$$rtentry$$0000000C          0x0000015e   Section        0  __rtentry2.o(.ARM.Collect$$rtentry$$0000000C)
    .ARM.Collect$$rtentry$$0000000D          0x0000015e   Section        8  __rtentry2.o(.ARM.Collect$$rtentry$$0000000D)
    .ARM.Collect$$rtexit$$00000000           0x00000166   Section        2  rtexit.o(.ARM.Collect$$rtexit$$00000000)
    .ARM.Collect$$rtexit$$00000002           0x00000168   Section        0  rtexit2.o(.ARM.Collect$$rtexit$$00000002)
    .ARM.Collect$$rtexit$$00000003           0x00000168   Section        4  rtexit2.o(.ARM.Collect$$rtexit$$00000003)
    .ARM.Collect$$rtexit$$00000004           0x0000016c   Section        6  rtexit2.o(.ARM.Collect$$rtexit$$00000004)
    .text                                    0x00000174   Section       64  startup_mkl25z4.o(.text)
    .text                                    0x000001b4   Section        0  _printf_str.o(.text)
    .text                                    0x00000208   Section      504  aeabi_sdivfast.o(.text)
    .ARM.__at_0x400                          0x00000400   Section       16  startup_mkl25z4.o(.ARM.__at_0x400)
    .text                                    0x00000410   Section        0  heapauxi.o(.text)
    .text                                    0x00000416   Section        0  _printf_char.o(.text)
    .text                                    0x00000444   Section       62  sys_stackheap_outer.o(.text)
    .text                                    0x00000482   Section        0  exit.o(.text)
    .text                                    0x00000494   Section        8  libspace.o(.text)
    .text                                    0x0000049c   Section        0  sys_exit.o(.text)
    .text                                    0x000004a8   Section        2  use_no_semi.o(.text)
    .text                                    0x000004aa   Section        0  indicate_semi.o(.text)
    [Anonymous Symbol]                       0x000004ac   Section        0  ldr.o(.text.Init_Comparator_Ldr)
    __arm_cp.0_0                             0x000004c8   Number         4  ldr.o(.text.Init_Comparator_Ldr)
    __arm_cp.0_1                             0x000004cc   Number         4  ldr.o(.text.Init_Comparator_Ldr)
    [Anonymous Symbol]                       0x000004d0   Section        0  bluetooth.o(.text.Init_UART)
    __arm_cp.1_0                             0x0000050c   Number         4  bluetooth.o(.text.Init_UART)
    [Anonymous Symbol]                       0x00000510   Section        0  ultrasonic.o(.text.PIT_IRQHandler)
    __arm_cp.8_0                             0x00000548   Number         4  ultrasonic.o(.text.PIT_IRQHandler)
    __arm_cp.8_1                             0x0000054c   Number         4  ultrasonic.o(.text.PIT_IRQHandler)
    __arm_cp.8_2                             0x00000550   Number         4  ultrasonic.o(.text.PIT_IRQHandler)
    __arm_cp.8_3                             0x00000554   Number         4  ultrasonic.o(.text.PIT_IRQHandler)
    [Anonymous Symbol]                       0x00000558   Section        0  queues.o(.text.Q_Dequeue)
    [Anonymous Symbol]                       0x00000596   Section        0  queues.o(.text.Q_Empty)
    [Anonymous Symbol]                       0x0000059e   Section        0  queues.o(.text.Q_Enqueue)
    [Anonymous Symbol]                       0x000005d8   Section        0  queues.o(.text.Q_Full)
    [Anonymous Symbol]                       0x000005e6   Section        0  queues.o(.text.Q_Init)
    [Anonymous Symbol]                       0x00000604   Section        0  led.o(.text.RBBBR)
    __arm_cp.1_0                             0x00000688   Number         4  led.o(.text.RBBBR)
    __arm_cp.1_1                             0x0000068c   Number         4  led.o(.text.RBBBR)
    __arm_cp.1_2                             0x00000690   Number         4  led.o(.text.RBBBR)
    [Anonymous Symbol]                       0x00000694   Section        0  bluetooth.o(.text.Send_String)
    __arm_cp.7_1                             0x000006d8   Number         4  bluetooth.o(.text.Send_String)
    [Anonymous Symbol]                       0x000006dc   Section        0  millis.o(.text.SysTick_Handler)
    __arm_cp.2_0                             0x000006e8   Number         4  millis.o(.text.SysTick_Handler)
    [Anonymous Symbol]                       0x000006ec   Section        0  system_mkl25z4.o(.text.SystemInit)
    __arm_cp.0_0                             0x000006f4   Number         4  system_mkl25z4.o(.text.SystemInit)
    [Anonymous Symbol]                       0x000006f8   Section        0  servo.o(.text.TPM0_IRQHandler)
    __arm_cp.4_0                             0x0000071c   Number         4  servo.o(.text.TPM0_IRQHandler)
    [Anonymous Symbol]                       0x00000720   Section        0  move.o(.text.TPM1_IRQHandler)
    __arm_cp.4_0                             0x00000744   Number         4  move.o(.text.TPM1_IRQHandler)
    __arm_cp.4_1                             0x00000748   Number         4  move.o(.text.TPM1_IRQHandler)
    [Anonymous Symbol]                       0x0000074c   Section        0  ultrasonic.o(.text.TPM2_IRQHandler)
    __arm_cp.5_0                             0x0000078c   Number         4  ultrasonic.o(.text.TPM2_IRQHandler)
    __arm_cp.5_1                             0x00000790   Number         4  ultrasonic.o(.text.TPM2_IRQHandler)
    __arm_cp.5_2                             0x00000794   Number         4  ultrasonic.o(.text.TPM2_IRQHandler)
    __arm_cp.5_3                             0x00000798   Number         4  ultrasonic.o(.text.TPM2_IRQHandler)
    [Anonymous Symbol]                       0x0000079c   Section        0  bluetooth.o(.text.UART0_IRQHandler)
    __arm_cp.6_0                             0x00000804   Number         4  bluetooth.o(.text.UART0_IRQHandler)
    __arm_cp.6_1                             0x00000808   Number         4  bluetooth.o(.text.UART0_IRQHandler)
    __NVIC_ClearPendingIRQ                   0x0000080d   Thumb Code    12  servo.o(.text.__NVIC_ClearPendingIRQ)
    [Anonymous Symbol]                       0x0000080c   Section        0  servo.o(.text.__NVIC_ClearPendingIRQ)
    __NVIC_ClearPendingIRQ                   0x00000819   Thumb Code    16  ultrasonic.o(.text.__NVIC_ClearPendingIRQ)
    [Anonymous Symbol]                       0x00000818   Section        0  ultrasonic.o(.text.__NVIC_ClearPendingIRQ)
    __NVIC_ClearPendingIRQ                   0x00000829   Thumb Code    12  bluetooth.o(.text.__NVIC_ClearPendingIRQ)
    [Anonymous Symbol]                       0x00000828   Section        0  bluetooth.o(.text.__NVIC_ClearPendingIRQ)
    __NVIC_ClearPendingIRQ                   0x00000835   Thumb Code    16  move.o(.text.__NVIC_ClearPendingIRQ)
    [Anonymous Symbol]                       0x00000834   Section        0  move.o(.text.__NVIC_ClearPendingIRQ)
    __arm_cp.1_0                             0x00000840   Number         4  move.o(.text.__NVIC_ClearPendingIRQ)
    __NVIC_EnableIRQ                         0x00000845   Thumb Code    12  servo.o(.text.__NVIC_EnableIRQ)
    [Anonymous Symbol]                       0x00000844   Section        0  servo.o(.text.__NVIC_EnableIRQ)
    __NVIC_EnableIRQ                         0x00000851   Thumb Code    16  ultrasonic.o(.text.__NVIC_EnableIRQ)
    [Anonymous Symbol]                       0x00000850   Section        0  ultrasonic.o(.text.__NVIC_EnableIRQ)
    __NVIC_EnableIRQ                         0x00000861   Thumb Code    12  bluetooth.o(.text.__NVIC_EnableIRQ)
    [Anonymous Symbol]                       0x00000860   Section        0  bluetooth.o(.text.__NVIC_EnableIRQ)
    __NVIC_EnableIRQ                         0x0000086d   Thumb Code    16  move.o(.text.__NVIC_EnableIRQ)
    [Anonymous Symbol]                       0x0000086c   Section        0  move.o(.text.__NVIC_EnableIRQ)
    __arm_cp.3_0                             0x00000878   Number         4  move.o(.text.__NVIC_EnableIRQ)
    __NVIC_SetPriority                       0x0000087d   Thumb Code    20  servo.o(.text.__NVIC_SetPriority)
    [Anonymous Symbol]                       0x0000087c   Section        0  servo.o(.text.__NVIC_SetPriority)
    __NVIC_SetPriority                       0x00000891   Thumb Code    36  ultrasonic.o(.text.__NVIC_SetPriority)
    [Anonymous Symbol]                       0x00000890   Section        0  ultrasonic.o(.text.__NVIC_SetPriority)
    __arm_cp.3_0                             0x000008b0   Number         4  ultrasonic.o(.text.__NVIC_SetPriority)
    __NVIC_SetPriority                       0x000008b5   Thumb Code    20  bluetooth.o(.text.__NVIC_SetPriority)
    [Anonymous Symbol]                       0x000008b4   Section        0  bluetooth.o(.text.__NVIC_SetPriority)
    __arm_cp.2_0                             0x000008c4   Number         4  bluetooth.o(.text.__NVIC_SetPriority)
    __NVIC_SetPriority                       0x000008c9   Thumb Code    24  move.o(.text.__NVIC_SetPriority)
    [Anonymous Symbol]                       0x000008c8   Section        0  move.o(.text.__NVIC_SetPriority)
    __arm_cp.2_0                             0x000008dc   Number         4  move.o(.text.__NVIC_SetPriority)
    [Anonymous Symbol]                       0x000008e0   Section        0  bluetooth.o(.text.bluetooth_init)
    __arm_cp.9_0                             0x000008f0   Number         4  bluetooth.o(.text.bluetooth_init)
    __arm_cp.9_1                             0x000008f4   Number         4  bluetooth.o(.text.bluetooth_init)
    [Anonymous Symbol]                       0x000008f8   Section        0  millis.o(.text.configure_systick)
    [Anonymous Symbol]                       0x00000908   Section        0  lcd.o(.text.delay_ms)
    __arm_cp.1_0                             0x0000092c   Number         4  lcd.o(.text.delay_ms)
    __arm_cp.1_1                             0x00000930   Number         4  lcd.o(.text.delay_ms)
    [Anonymous Symbol]                       0x00000934   Section        0  seven.o(.text.display)
    [Anonymous Symbol]                       0x00000a58   Section        0  seven.o(.text.display_digits)
    __arm_cp.1_0                             0x00000b38   Number         4  seven.o(.text.display_digits)
    __arm_cp.1_1                             0x00000b3c   Number         4  seven.o(.text.display_digits)
    __arm_cp.1_2                             0x00000b40   Number         4  seven.o(.text.display_digits)
    [Anonymous Symbol]                       0x00000b44   Section        0  ultrasonic.o(.text.get_distance)
    __arm_cp.9_0                             0x00000b54   Number         4  ultrasonic.o(.text.get_distance)
    __arm_cp.9_1                             0x00000b58   Number         4  ultrasonic.o(.text.get_distance)
    [Anonymous Symbol]                       0x00000b5c   Section        0  ldr.o(.text.init_CMP_pin_Ldr)
    __arm_cp.1_1                             0x00000b80   Number         4  ldr.o(.text.init_CMP_pin_Ldr)
    [Anonymous Symbol]                       0x00000b84   Section        0  ultrasonic.o(.text.init_Timer_IC)
    __arm_cp.1_0                             0x00000be4   Number         4  ultrasonic.o(.text.init_Timer_IC)
    __arm_cp.1_1                             0x00000be8   Number         4  ultrasonic.o(.text.init_Timer_IC)
    __arm_cp.1_2                             0x00000bec   Number         4  ultrasonic.o(.text.init_Timer_IC)
    [Anonymous Symbol]                       0x00000bf0   Section        0  move.o(.text.init_move_imer)
    __arm_cp.0_1                             0x00000c38   Number         4  move.o(.text.init_move_imer)
    [Anonymous Symbol]                       0x00000c3c   Section        0  move.o(.text.init_move_pins)
    __arm_cp.5_1                             0x00000cdc   Number         4  move.o(.text.init_move_pins)
    [Anonymous Symbol]                       0x00000ce0   Section        0  ultrasonic.o(.text.init_pin_IC)
    __arm_cp.0_1                             0x00000d04   Number         4  ultrasonic.o(.text.init_pin_IC)
    [Anonymous Symbol]                       0x00000d08   Section        0  bluetooth.o(.text.init_pins)
    __arm_cp.0_1                             0x00000d34   Number         4  bluetooth.o(.text.init_pins)
    [Anonymous Symbol]                       0x00000d38   Section        0  servo.o(.text.init_servo_pin)
    __arm_cp.5_1                             0x00000d6c   Number         4  servo.o(.text.init_servo_pin)
    __arm_cp.5_2                             0x00000d70   Number         4  servo.o(.text.init_servo_pin)
    [Anonymous Symbol]                       0x00000d74   Section        0  servo.o(.text.init_servo_timer)
    __arm_cp.0_0                             0x00000dbc   Number         4  servo.o(.text.init_servo_timer)
    __arm_cp.0_1                             0x00000dc0   Number         4  servo.o(.text.init_servo_timer)
    __arm_cp.0_2                             0x00000dc4   Number         4  servo.o(.text.init_servo_timer)
    [Anonymous Symbol]                       0x00000dc8   Section        0  lcd.o(.text.initialize_lcd)
    __arm_cp.0_0                             0x00000ea4   Number         4  lcd.o(.text.initialize_lcd)
    [Anonymous Symbol]                       0x00000ea8   Section        0  led.o(.text.initialize_leds)
    __arm_cp.0_1                             0x00000f50   Number         4  led.o(.text.initialize_leds)
    __arm_cp.0_2                             0x00000f54   Number         4  led.o(.text.initialize_leds)
    __arm_cp.0_3                             0x00000f58   Number         4  led.o(.text.initialize_leds)
    __arm_cp.0_5                             0x00000f5c   Number         4  led.o(.text.initialize_leds)
    [Anonymous Symbol]                       0x00000f60   Section        0  ultrasonic.o(.text.initialize_pit)
    __arm_cp.6_0                             0x00000f90   Number         4  ultrasonic.o(.text.initialize_pit)
    __arm_cp.6_1                             0x00000f94   Number         4  ultrasonic.o(.text.initialize_pit)
    __arm_cp.6_2                             0x00000f98   Number         4  ultrasonic.o(.text.initialize_pit)
    [Anonymous Symbol]                       0x00000f9c   Section        0  seven.o(.text.initialize_seven_segment)
    __arm_cp.0_0                             0x0000109c   Number         4  seven.o(.text.initialize_seven_segment)
    __arm_cp.0_1                             0x000010a0   Number         4  seven.o(.text.initialize_seven_segment)
    __arm_cp.0_2                             0x000010a4   Number         4  seven.o(.text.initialize_seven_segment)
    __arm_cp.0_3                             0x000010a8   Number         4  seven.o(.text.initialize_seven_segment)
    [Anonymous Symbol]                       0x000010ac   Section        0  ultrasonic.o(.text.initialize_timer)
    __arm_cp.7_0                             0x000010f4   Number         4  ultrasonic.o(.text.initialize_timer)
    __arm_cp.7_1                             0x000010f8   Number         4  ultrasonic.o(.text.initialize_timer)
    __arm_cp.7_2                             0x000010fc   Number         4  ultrasonic.o(.text.initialize_timer)
    [Anonymous Symbol]                       0x00001100   Section        0  lcd.o(.text.lcd_clear)
    [Anonymous Symbol]                       0x00001118   Section        0  lcd.o(.text.lcd_goto)
    [Anonymous Symbol]                       0x0000113e   Section        0  lcd.o(.text.lcd_init)
    [Anonymous Symbol]                       0x0000115c   Section        0  lcd.o(.text.lcd_write_char)
    __arm_cp.3_0                             0x000011a0   Number         4  lcd.o(.text.lcd_write_char)
    [Anonymous Symbol]                       0x000011c4   Section        0  lcd.o(.text.lcd_write_instruc)
    __arm_cp.2_0                             0x0000120c   Number         4  lcd.o(.text.lcd_write_instruc)
    [Anonymous Symbol]                       0x00001230   Section        0  lcd.o(.text.lcd_write_string)
    [Anonymous Symbol]                       0x00001254   Section        0  main.o(.text.main)
    __arm_cp.0_2                             0x00001318   Number         4  main.o(.text.main)
    __arm_cp.0_3                             0x0000131c   Number         4  main.o(.text.main)
    [Anonymous Symbol]                       0x00001320   Section        0  millis.o(.text.millis)
    __arm_cp.1_0                             0x00001328   Number         4  millis.o(.text.millis)
    [Anonymous Symbol]                       0x0000132c   Section        0  move.o(.text.move_reverse)
    __arm_cp.7_0                             0x00001340   Number         4  move.o(.text.move_reverse)
    .text_divfast                            0x00001344   Section      502  aeabi_sdivfast.o(.text_divfast)
    [Anonymous Symbol]                       0x0000153c   Section        0  main.o(.rodata..L__const.main.buff)
    .bss                                     0x1ffff008   Section       96  libspace.o(.bss)
    TPM2_IRQHandler.ctr                      0x1ffff174   Data           4  ultrasonic.o(.bss.TPM2_IRQHandler.ctr)
    [Anonymous Symbol]                       0x1ffff174   Section        0  ultrasonic.o(.bss.TPM2_IRQHandler.ctr)
    TPM2_IRQHandler.previous                 0x1ffff178   Data           4  ultrasonic.o(.bss.TPM2_IRQHandler.previous)
    [Anonymous Symbol]                       0x1ffff178   Section        0  ultrasonic.o(.bss.TPM2_IRQHandler.previous)
    counter                                  0x1ffff288   Data           4  millis.o(.bss.counter)
    [Anonymous Symbol]                       0x1ffff288   Section        0  millis.o(.bss.counter)
    display_digits.s                         0x1ffff28c   Data           1  seven.o(.bss.display_digits.s)
    [Anonymous Symbol]                       0x1ffff28c   Section        0  seven.o(.bss.display_digits.s)
    rbbbr_last_run                           0x1ffff294   Data           4  led.o(.bss.rbbbr_last_run)
    [Anonymous Symbol]                       0x1ffff294   Section        0  led.o(.bss.rbbbr_last_run)
    seven_last_run                           0x1ffff29c   Data           4  seven.o(.bss.seven_last_run)
    [Anonymous Symbol]                       0x1ffff29c   Section        0  seven.o(.bss.seven_last_run)
    Heap_Mem                                 0x1ffff2a0   Data           0  startup_mkl25z4.o(HEAP)
    Stack_Mem                                0x1ffff2a0   Data         256  startup_mkl25z4.o(STACK)
    HEAP                                     0x1ffff2a0   Section        0  startup_mkl25z4.o(HEAP)
    STACK                                    0x1ffff2a0   Section      256  startup_mkl25z4.o(STACK)
    __initial_sp                             0x1ffff3a0   Data           0  startup_mkl25z4.o(STACK)

    Global Symbols

    Symbol Name                              Value     Ov Type        Size  Object(Section)

    BuildAttributes$$THM_ISAv3M$S$PE$A:L22$X:L11$S22$IEEE1$IW$~IW$USESV6$~STKCKD$USESV7$~SHL$OTIME$ROPI$EBA8$UX$STANDARDLIB$REQ8$PRES8$EABIv2 0x00000000   Number         0  anon$$obj.o ABSOLUTE
    __Vectors                                0x00000000   Data           4  startup_mkl25z4.o(RESET)
    __ARM_exceptions_init                     - Undefined Weak Reference
    __alloca_initialize                       - Undefined Weak Reference
    __arm_preinit_                            - Undefined Weak Reference
    __cpp_initialize__aeabi_                  - Undefined Weak Reference
    __cxa_finalize                            - Undefined Weak Reference
    __rt_locale                               - Undefined Weak Reference
    __sigvec_lookup                           - Undefined Weak Reference
    _atexit_init                              - Undefined Weak Reference
    _call_atexit_fns                          - Undefined Weak Reference
    _clock_init                               - Undefined Weak Reference
    _fp_trap_init                             - Undefined Weak Reference
    _fp_trap_shutdown                         - Undefined Weak Reference
    _get_lc_collate                           - Undefined Weak Reference
    _get_lc_ctype                             - Undefined Weak Reference
    _get_lc_monetary                          - Undefined Weak Reference
    _get_lc_numeric                           - Undefined Weak Reference
    _get_lc_time                              - Undefined Weak Reference
    _getenv_init                              - Undefined Weak Reference
    _handle_redirection                       - Undefined Weak Reference
    _init_alloc                               - Undefined Weak Reference
    _init_user_alloc                          - Undefined Weak Reference
    _initio                                   - Undefined Weak Reference
    _printf_mbtowc                            - Undefined Weak Reference
    _printf_post_padding                      - Undefined Weak Reference
    _printf_pre_padding                       - Undefined Weak Reference
    _rand_init                                - Undefined Weak Reference
    _signal_finish                            - Undefined Weak Reference
    _signal_init                              - Undefined Weak Reference
    _terminate_alloc                          - Undefined Weak Reference
    _terminate_user_alloc                     - Undefined Weak Reference
    _terminateio                              - Undefined Weak Reference
    __Vectors_End                            0x000000c0   Data           0  startup_mkl25z4.o(RESET)
    __Vectors_Size                           0x000000c0   Number         0  startup_mkl25z4.o ABSOLUTE
    __main                                   0x000000c1   Thumb Code     8  __main.o(!!!main)
    __scatterload                            0x000000c9   Thumb Code     0  __scatter.o(!!!scatter)
    __scatterload_rt2                        0x000000c9   Thumb Code    52  __scatter.o(!!!scatter)
    __scatterload_rt2_thumb_only             0x000000c9   Thumb Code     0  __scatter.o(!!!scatter)
    __scatterload_null                       0x000000d9   Thumb Code     0  __scatter.o(!!!scatter)
    __scatterload_copy                       0x00000105   Thumb Code    26  __scatter_copy.o(!!handler_copy)
    __scatterload_zeroinit                   0x00000121   Thumb Code    28  __scatter_zi.o(!!handler_zi)
    _printf_percent                          0x0000013d   Thumb Code     0  _printf_percent.o(.ARM.Collect$$_printf_percent$$00000000)
    _printf_c                                0x0000013f   Thumb Code     0  _printf_c.o(.ARM.Collect$$_printf_percent$$00000013)
    _printf_percent_end                      0x00000149   Thumb Code     0  _printf_percent_end.o(.ARM.Collect$$_printf_percent$$00000017)
    __rt_lib_init                            0x0000014d   Thumb Code     0  libinit.o(.ARM.Collect$$libinit$$00000000)
    __rt_lib_init_alloca_1                   0x0000014f   Thumb Code     0  libinit2.o(.ARM.Collect$$libinit$$0000002E)
    __rt_lib_init_argv_1                     0x0000014f   Thumb Code     0  libinit2.o(.ARM.Collect$$libinit$$0000002C)
    __rt_lib_init_atexit_1                   0x0000014f   Thumb Code     0  libinit2.o(.ARM.Collect$$libinit$$0000001B)
    __rt_lib_init_clock_1                    0x0000014f   Thumb Code     0  libinit2.o(.ARM.Collect$$libinit$$00000021)
    __rt_lib_init_cpp_1                      0x0000014f   Thumb Code     0  libinit2.o(.ARM.Collect$$libinit$$00000032)
    __rt_lib_init_exceptions_1               0x0000014f   Thumb Code     0  libinit2.o(.ARM.Collect$$libinit$$00000030)
    __rt_lib_init_fp_1                       0x0000014f   Thumb Code     0  libinit2.o(.ARM.Collect$$libinit$$00000002)
    __rt_lib_init_fp_trap_1                  0x0000014f   Thumb Code     0  libinit2.o(.ARM.Collect$$libinit$$0000001F)
    __rt_lib_init_getenv_1                   0x0000014f   Thumb Code     0  libinit2.o(.ARM.Collect$$libinit$$00000023)
    __rt_lib_init_heap_1                     0x0000014f   Thumb Code     0  libinit2.o(.ARM.Collect$$libinit$$0000000A)
    __rt_lib_init_lc_collate_1               0x0000014f   Thumb Code     0  libinit2.o(.ARM.Collect$$libinit$$00000011)
    __rt_lib_init_lc_ctype_1                 0x0000014f   Thumb Code     0  libinit2.o(.ARM.Collect$$libinit$$00000013)
    __rt_lib_init_lc_monetary_1              0x0000014f   Thumb Code     0  libinit2.o(.ARM.Collect$$libinit$$00000015)
    __rt_lib_init_lc_numeric_1               0x0000014f   Thumb Code     0  libinit2.o(.ARM.Collect$$libinit$$00000017)
    __rt_lib_init_lc_time_1                  0x0000014f   Thumb Code     0  libinit2.o(.ARM.Collect$$libinit$$00000019)
    __rt_lib_init_preinit_1                  0x0000014f   Thumb Code     0  libinit2.o(.ARM.Collect$$libinit$$00000004)
    __rt_lib_init_rand_1                     0x0000014f   Thumb Code     0  libinit2.o(.ARM.Collect$$libinit$$0000000E)
    __rt_lib_init_return                     0x0000014f   Thumb Code     0  libinit2.o(.ARM.Collect$$libinit$$00000033)
    __rt_lib_init_signal_1                   0x0000014f   Thumb Code     0  libinit2.o(.ARM.Collect$$libinit$$0000001D)
    __rt_lib_init_stdio_1                    0x0000014f   Thumb Code     0  libinit2.o(.ARM.Collect$$libinit$$00000025)
    __rt_lib_init_user_alloc_1               0x0000014f   Thumb Code     0  libinit2.o(.ARM.Collect$$libinit$$0000000C)
    __rt_lib_shutdown                        0x00000151   Thumb Code     0  libshutdown.o(.ARM.Collect$$libshutdown$$00000000)
    __rt_lib_shutdown_cpp_1                  0x00000153   Thumb Code     0  libshutdown2.o(.ARM.Collect$$libshutdown$$00000002)
    __rt_lib_shutdown_fp_trap_1              0x00000153   Thumb Code     0  libshutdown2.o(.ARM.Collect$$libshutdown$$00000007)
    __rt_lib_shutdown_heap_1                 0x00000153   Thumb Code     0  libshutdown2.o(.ARM.Collect$$libshutdown$$0000000F)
    __rt_lib_shutdown_return                 0x00000153   Thumb Code     0  libshutdown2.o(.ARM.Collect$$libshutdown$$00000010)
    __rt_lib_shutdown_signal_1               0x00000153   Thumb Code     0  libshutdown2.o(.ARM.Collect$$libshutdown$$0000000A)
    __rt_lib_shutdown_stdio_1                0x00000153   Thumb Code     0  libshutdown2.o(.ARM.Collect$$libshutdown$$00000004)
    __rt_lib_shutdown_user_alloc_1           0x00000153   Thumb Code     0  libshutdown2.o(.ARM.Collect$$libshutdown$$0000000C)
    __rt_entry                               0x00000155   Thumb Code     0  __rtentry.o(.ARM.Collect$$rtentry$$00000000)
    __rt_entry_presh_1                       0x00000155   Thumb Code     0  __rtentry2.o(.ARM.Collect$$rtentry$$00000002)
    __rt_entry_sh                            0x00000155   Thumb Code     0  __rtentry4.o(.ARM.Collect$$rtentry$$00000004)
    __rt_entry_li                            0x0000015b   Thumb Code     0  __rtentry2.o(.ARM.Collect$$rtentry$$0000000A)
    __rt_entry_postsh_1                      0x0000015b   Thumb Code     0  __rtentry2.o(.ARM.Collect$$rtentry$$00000009)
    __rt_entry_main                          0x0000015f   Thumb Code     0  __rtentry2.o(.ARM.Collect$$rtentry$$0000000D)
    __rt_entry_postli_1                      0x0000015f   Thumb Code     0  __rtentry2.o(.ARM.Collect$$rtentry$$0000000C)
    __rt_exit                                0x00000167   Thumb Code     0  rtexit.o(.ARM.Collect$$rtexit$$00000000)
    __rt_exit_ls                             0x00000169   Thumb Code     0  rtexit2.o(.ARM.Collect$$rtexit$$00000003)
    __rt_exit_prels_1                        0x00000169   Thumb Code     0  rtexit2.o(.ARM.Collect$$rtexit$$00000002)
    __rt_exit_exit                           0x0000016d   Thumb Code     0  rtexit2.o(.ARM.Collect$$rtexit$$00000004)
    Reset_Handler                            0x00000175   Thumb Code    12  startup_mkl25z4.o(.text)
    NMI_Handler                              0x00000181   Thumb Code     2  startup_mkl25z4.o(.text)
    HardFault_Handler                        0x00000183   Thumb Code     2  startup_mkl25z4.o(.text)
    SVC_Handler                              0x00000185   Thumb Code     2  startup_mkl25z4.o(.text)
    PendSV_Handler                           0x00000187   Thumb Code     2  startup_mkl25z4.o(.text)
    ADC0_IRQHandler                          0x0000018b   Thumb Code     0  startup_mkl25z4.o(.text)
    CMP0_IRQHandler                          0x0000018b   Thumb Code     0  startup_mkl25z4.o(.text)
    DAC0_IRQHandler                          0x0000018b   Thumb Code     0  startup_mkl25z4.o(.text)
    DMA0_IRQHandler                          0x0000018b   Thumb Code     0  startup_mkl25z4.o(.text)
    DMA1_IRQHandler                          0x0000018b   Thumb Code     0  startup_mkl25z4.o(.text)
    DMA2_IRQHandler                          0x0000018b   Thumb Code     0  startup_mkl25z4.o(.text)
    DMA3_IRQHandler                          0x0000018b   Thumb Code     0  startup_mkl25z4.o(.text)
    DefaultISR                               0x0000018b   Thumb Code     0  startup_mkl25z4.o(.text)
    FTFA_IRQHandler                          0x0000018b   Thumb Code     0  startup_mkl25z4.o(.text)
    I2C0_IRQHandler                          0x0000018b   Thumb Code     0  startup_mkl25z4.o(.text)
    I2C1_IRQHandler                          0x0000018b   Thumb Code     0  startup_mkl25z4.o(.text)
    LLWU_IRQHandler                          0x0000018b   Thumb Code     0  startup_mkl25z4.o(.text)
    LPTMR0_IRQHandler                        0x0000018b   Thumb Code     0  startup_mkl25z4.o(.text)
    LVD_LVW_IRQHandler                       0x0000018b   Thumb Code     0  startup_mkl25z4.o(.text)
    MCG_IRQHandler                           0x0000018b   Thumb Code     0  startup_mkl25z4.o(.text)
    PORTA_IRQHandler                         0x0000018b   Thumb Code     0  startup_mkl25z4.o(.text)
    PORTD_IRQHandler                         0x0000018b   Thumb Code     0  startup_mkl25z4.o(.text)
    RTC_IRQHandler                           0x0000018b   Thumb Code     0  startup_mkl25z4.o(.text)
    RTC_Seconds_IRQHandler                   0x0000018b   Thumb Code     0  startup_mkl25z4.o(.text)
    Reserved20_IRQHandler                    0x0000018b   Thumb Code     0  startup_mkl25z4.o(.text)
    Reserved39_IRQHandler                    0x0000018b   Thumb Code     0  startup_mkl25z4.o(.text)
    Reserved45_IRQHandler                    0x0000018b   Thumb Code     0  startup_mkl25z4.o(.text)
    SPI0_IRQHandler                          0x0000018b   Thumb Code     0  startup_mkl25z4.o(.text)
    SPI1_IRQHandler                          0x0000018b   Thumb Code     0  startup_mkl25z4.o(.text)
    TSI0_IRQHandler                          0x0000018b   Thumb Code     0  startup_mkl25z4.o(.text)
    UART1_IRQHandler                         0x0000018b   Thumb Code     0  startup_mkl25z4.o(.text)
    UART2_IRQHandler                         0x0000018b   Thumb Code     0  startup_mkl25z4.o(.text)
    USB0_IRQHandler                          0x0000018b   Thumb Code     0  startup_mkl25z4.o(.text)
    __user_initial_stackheap                 0x00000191   Thumb Code     0  startup_mkl25z4.o(.text)
    _printf_str                              0x000001b5   Thumb Code    82  _printf_str.o(.text)
    __aeabi_uidivmod                         0x00000209   Thumb Code    28  aeabi_sdivfast.o(.text)
    __aeabi_idivmod                          0x00000225   Thumb Code   472  aeabi_sdivfast.o(.text)
    __use_two_region_memory                  0x00000411   Thumb Code     2  heapauxi.o(.text)
    __rt_heap_escrow$2region                 0x00000413   Thumb Code     2  heapauxi.o(.text)
    __rt_heap_expand$2region                 0x00000415   Thumb Code     2  heapauxi.o(.text)
    _printf_cs_common                        0x00000417   Thumb Code    22  _printf_char.o(.text)
    _printf_char                             0x0000042d   Thumb Code    16  _printf_char.o(.text)
    _printf_string                           0x0000043d   Thumb Code     8  _printf_char.o(.text)
    __user_setup_stackheap                   0x00000445   Thumb Code    62  sys_stackheap_outer.o(.text)
    exit                                     0x00000483   Thumb Code    16  exit.o(.text)
    __user_libspace                          0x00000495   Thumb Code     8  libspace.o(.text)
    __user_perproc_libspace                  0x00000495   Thumb Code     0  libspace.o(.text)
    __user_perthread_libspace                0x00000495   Thumb Code     0  libspace.o(.text)
    _sys_exit                                0x0000049d   Thumb Code     8  sys_exit.o(.text)
    __I$use$semihosting                      0x000004a9   Thumb Code     0  use_no_semi.o(.text)
    __use_no_semihosting_swi                 0x000004a9   Thumb Code     2  use_no_semi.o(.text)
    __semihosting_library_function           0x000004ab   Thumb Code     0  indicate_semi.o(.text)
    Init_Comparator_Ldr                      0x000004ad   Thumb Code    36  ldr.o(.text.Init_Comparator_Ldr)
    Init_UART                                0x000004d1   Thumb Code    64  bluetooth.o(.text.Init_UART)
    PIT_IRQHandler                           0x00000511   Thumb Code    72  ultrasonic.o(.text.PIT_IRQHandler)
    Q_Dequeue                                0x00000559   Thumb Code    62  queues.o(.text.Q_Dequeue)
    Q_Empty                                  0x00000597   Thumb Code     8  queues.o(.text.Q_Empty)
    Q_Enqueue                                0x0000059f   Thumb Code    58  queues.o(.text.Q_Enqueue)
    Q_Full                                   0x000005d9   Thumb Code    14  queues.o(.text.Q_Full)
    Q_Init                                   0x000005e7   Thumb Code    28  queues.o(.text.Q_Init)
    RBBBR                                    0x00000605   Thumb Code   144  led.o(.text.RBBBR)
    Send_String                              0x00000695   Thumb Code    72  bluetooth.o(.text.Send_String)
    SysTick_Handler                          0x000006dd   Thumb Code    16  millis.o(.text.SysTick_Handler)
    SystemInit                               0x000006ed   Thumb Code    12  system_mkl25z4.o(.text.SystemInit)
    TPM0_IRQHandler                          0x000006f9   Thumb Code    40  servo.o(.text.TPM0_IRQHandler)
    TPM1_IRQHandler                          0x00000721   Thumb Code    44  move.o(.text.TPM1_IRQHandler)
    TPM2_IRQHandler                          0x0000074d   Thumb Code    80  ultrasonic.o(.text.TPM2_IRQHandler)
    UART0_IRQHandler                         0x0000079d   Thumb Code   112  bluetooth.o(.text.UART0_IRQHandler)
    bluetooth_init                           0x000008e1   Thumb Code    24  bluetooth.o(.text.bluetooth_init)
    configure_systick                        0x000008f9   Thumb Code    16  millis.o(.text.configure_systick)
    delay_ms                                 0x00000909   Thumb Code    44  lcd.o(.text.delay_ms)
    display                                  0x00000935   Thumb Code   292  seven.o(.text.display)
    display_digits                           0x00000a59   Thumb Code   236  seven.o(.text.display_digits)
    get_distance                             0x00000b45   Thumb Code    24  ultrasonic.o(.text.get_distance)
    init_CMP_pin_Ldr                         0x00000b5d   Thumb Code    40  ldr.o(.text.init_CMP_pin_Ldr)
    init_Timer_IC                            0x00000b85   Thumb Code   108  ultrasonic.o(.text.init_Timer_IC)
    init_move_imer                           0x00000bf1   Thumb Code    76  move.o(.text.init_move_imer)
    init_move_pins                           0x00000c3d   Thumb Code   164  move.o(.text.init_move_pins)
    init_pin_IC                              0x00000ce1   Thumb Code    40  ultrasonic.o(.text.init_pin_IC)
    init_pins                                0x00000d09   Thumb Code    48  bluetooth.o(.text.init_pins)
    init_servo_pin                           0x00000d39   Thumb Code    60  servo.o(.text.init_servo_pin)
    init_servo_timer                         0x00000d75   Thumb Code    84  servo.o(.text.init_servo_timer)
    initialize_lcd                           0x00000dc9   Thumb Code   224  lcd.o(.text.initialize_lcd)
    initialize_leds                          0x00000ea9   Thumb Code   184  led.o(.text.initialize_leds)
    initialize_pit                           0x00000f61   Thumb Code    60  ultrasonic.o(.text.initialize_pit)
    initialize_seven_segment                 0x00000f9d   Thumb Code   272  seven.o(.text.initialize_seven_segment)
    initialize_timer                         0x000010ad   Thumb Code    84  ultrasonic.o(.text.initialize_timer)
    lcd_clear                                0x00001101   Thumb Code    24  lcd.o(.text.lcd_clear)
    lcd_goto                                 0x00001119   Thumb Code    38  lcd.o(.text.lcd_goto)
    lcd_init                                 0x0000113f   Thumb Code    28  lcd.o(.text.lcd_init)
    lcd_write_char                           0x0000115d   Thumb Code   104  lcd.o(.text.lcd_write_char)
    lcd_write_instruc                        0x000011c5   Thumb Code   108  lcd.o(.text.lcd_write_instruc)
    lcd_write_string                         0x00001231   Thumb Code    36  lcd.o(.text.lcd_write_string)
    main                                     0x00001255   Thumb Code   204  main.o(.text.main)
    millis                                   0x00001321   Thumb Code    12  millis.o(.text.millis)
    move_reverse                             0x0000132d   Thumb Code    24  move.o(.text.move_reverse)
    __aeabi_uidiv                            0x00001345   Thumb Code    68  aeabi_sdivfast.o(.text_divfast)
    __aeabi_idiv                             0x00001389   Thumb Code   434  aeabi_sdivfast.o(.text_divfast)
    Region$$Table$$Base                      0x0000155c   Number         0  anon$$obj.o(Region$$Table)
    Region$$Table$$Limit                     0x0000157c   Number         0  anon$$obj.o(Region$$Table)
    counter                                  0x1ffff000   Data           4  ultrasonic.o(.data.counter)
    interval                                 0x1ffff004   Data           4  ultrasonic.o(.data.interval)
    __libspace_start                         0x1ffff008   Data          96  libspace.o(.bss)
    RxQ                                      0x1ffff068   Data         268  bluetooth.o(.bss.RxQ)
    __temporary_stack_top$libspace           0x1ffff068   Data           0  libspace.o(.bss)
    TxQ                                      0x1ffff17c   Data         268  bluetooth.o(.bss.TxQ)
    distance                                 0x1ffff290   Data           4  main.o(.bss.distance)
    rxChar                                   0x1ffff298   Data           1  bluetooth.o(.bss.rxChar)



==============================================================================

Memory Map of the image

  Image Entry point : 0x00000175

  Load Region LR_1 (Base: 0x00000000, Size: 0x00001584, Max: 0xffffffff, ABSOLUTE)

    Execution Region ER_RO (Exec base: 0x00000000, Load base: 0x00000000, Size: 0x0000157c, Max: 0xffffffff, ABSOLUTE)

    Exec Addr    Load Addr    Size         Type   Attr      Idx    E Section Name        Object

    0x00000000   0x00000000   0x000000c0   Data   RO          319    RESET               startup_mkl25z4.o
    0x000000c0   0x000000c0   0x00000008   Code   RO          386  * !!!main             c_p.l(__main.o)
    0x000000c8   0x000000c8   0x0000003c   Code   RO          580    !!!scatter          c_p.l(__scatter.o)
    0x00000104   0x00000104   0x0000001a   Code   RO          582    !!handler_copy      c_p.l(__scatter_copy.o)
    0x0000011e   0x0000011e   0x00000002   PAD
    0x00000120   0x00000120   0x0000001c   Code   RO          584    !!handler_zi        c_p.l(__scatter_zi.o)
    0x0000013c   0x0000013c   0x00000002   Code   RO          373    .ARM.Collect$$_printf_percent$$00000000  c_p.l(_printf_percent.o)
    0x0000013e   0x0000013e   0x0000000a   Code   RO          372    .ARM.Collect$$_printf_percent$$00000013  c_p.l(_printf_c.o)
    0x00000148   0x00000148   0x00000004   Code   RO          408    .ARM.Collect$$_printf_percent$$00000017  c_p.l(_printf_percent_end.o)
    0x0000014c   0x0000014c   0x00000002   Code   RO          443    .ARM.Collect$$libinit$$00000000  c_p.l(libinit.o)
    0x0000014e   0x0000014e   0x00000000   Code   RO          457    .ARM.Collect$$libinit$$00000002  c_p.l(libinit2.o)
    0x0000014e   0x0000014e   0x00000000   Code   RO          459    .ARM.Collect$$libinit$$00000004  c_p.l(libinit2.o)
    0x0000014e   0x0000014e   0x00000000   Code   RO          462    .ARM.Collect$$libinit$$0000000A  c_p.l(libinit2.o)
    0x0000014e   0x0000014e   0x00000000   Code   RO          464    .ARM.Collect$$libinit$$0000000C  c_p.l(libinit2.o)
    0x0000014e   0x0000014e   0x00000000   Code   RO          466    .ARM.Collect$$libinit$$0000000E  c_p.l(libinit2.o)
    0x0000014e   0x0000014e   0x00000000   Code   RO          469    .ARM.Collect$$libinit$$00000011  c_p.l(libinit2.o)
    0x0000014e   0x0000014e   0x00000000   Code   RO          471    .ARM.Collect$$libinit$$00000013  c_p.l(libinit2.o)
    0x0000014e   0x0000014e   0x00000000   Code   RO          473    .ARM.Collect$$libinit$$00000015  c_p.l(libinit2.o)
    0x0000014e   0x0000014e   0x00000000   Code   RO          475    .ARM.Collect$$libinit$$00000017  c_p.l(libinit2.o)
    0x0000014e   0x0000014e   0x00000000   Code   RO          477    .ARM.Collect$$libinit$$00000019  c_p.l(libinit2.o)
    0x0000014e   0x0000014e   0x00000000   Code   RO          479    .ARM.Collect$$libinit$$0000001B  c_p.l(libinit2.o)
    0x0000014e   0x0000014e   0x00000000   Code   RO          481    .ARM.Collect$$libinit$$0000001D  c_p.l(libinit2.o)
    0x0000014e   0x0000014e   0x00000000   Code   RO          483    .ARM.Collect$$libinit$$0000001F  c_p.l(libinit2.o)
    0x0000014e   0x0000014e   0x00000000   Code   RO          485    .ARM.Collect$$libinit$$00000021  c_p.l(libinit2.o)
    0x0000014e   0x0000014e   0x00000000   Code   RO          487    .ARM.Collect$$libinit$$00000023  c_p.l(libinit2.o)
    0x0000014e   0x0000014e   0x00000000   Code   RO          489    .ARM.Collect$$libinit$$00000025  c_p.l(libinit2.o)
    0x0000014e   0x0000014e   0x00000000   Code   RO          493    .ARM.Collect$$libinit$$0000002C  c_p.l(libinit2.o)
    0x0000014e   0x0000014e   0x00000000   Code   RO          495    .ARM.Collect$$libinit$$0000002E  c_p.l(libinit2.o)
    0x0000014e   0x0000014e   0x00000000   Code   RO          497    .ARM.Collect$$libinit$$00000030  c_p.l(libinit2.o)
    0x0000014e   0x0000014e   0x00000000   Code   RO          499    .ARM.Collect$$libinit$$00000032  c_p.l(libinit2.o)
    0x0000014e   0x0000014e   0x00000002   Code   RO          500    .ARM.Collect$$libinit$$00000033  c_p.l(libinit2.o)
    0x00000150   0x00000150   0x00000002   Code   RO          535    .ARM.Collect$$libshutdown$$00000000  c_p.l(libshutdown.o)
    0x00000152   0x00000152   0x00000000   Code   RO          563    .ARM.Collect$$libshutdown$$00000002  c_p.l(libshutdown2.o)
    0x00000152   0x00000152   0x00000000   Code   RO          565    .ARM.Collect$$libshutdown$$00000004  c_p.l(libshutdown2.o)
    0x00000152   0x00000152   0x00000000   Code   RO          568    .ARM.Collect$$libshutdown$$00000007  c_p.l(libshutdown2.o)
    0x00000152   0x00000152   0x00000000   Code   RO          571    .ARM.Collect$$libshutdown$$0000000A  c_p.l(libshutdown2.o)
    0x00000152   0x00000152   0x00000000   Code   RO          573    .ARM.Collect$$libshutdown$$0000000C  c_p.l(libshutdown2.o)
    0x00000152   0x00000152   0x00000000   Code   RO          576    .ARM.Collect$$libshutdown$$0000000F  c_p.l(libshutdown2.o)
    0x00000152   0x00000152   0x00000002   Code   RO          577    .ARM.Collect$$libshutdown$$00000010  c_p.l(libshutdown2.o)
    0x00000154   0x00000154   0x00000000   Code   RO          397    .ARM.Collect$$rtentry$$00000000  c_p.l(__rtentry.o)
    0x00000154   0x00000154   0x00000000   Code   RO          411    .ARM.Collect$$rtentry$$00000002  c_p.l(__rtentry2.o)
    0x00000154   0x00000154   0x00000006   Code   RO          423    .ARM.Collect$$rtentry$$00000004  c_p.l(__rtentry4.o)
    0x0000015a   0x0000015a   0x00000000   Code   RO          413    .ARM.Collect$$rtentry$$00000009  c_p.l(__rtentry2.o)
    0x0000015a   0x0000015a   0x00000004   Code   RO          414    .ARM.Collect$$rtentry$$0000000A  c_p.l(__rtentry2.o)
    0x0000015e   0x0000015e   0x00000000   Code   RO          416    .ARM.Collect$$rtentry$$0000000C  c_p.l(__rtentry2.o)
    0x0000015e   0x0000015e   0x00000008   Code   RO          417    .ARM.Collect$$rtentry$$0000000D  c_p.l(__rtentry2.o)
    0x00000166   0x00000166   0x00000002   Code   RO          448    .ARM.Collect$$rtexit$$00000000  c_p.l(rtexit.o)
    0x00000168   0x00000168   0x00000000   Code   RO          506    .ARM.Collect$$rtexit$$00000002  c_p.l(rtexit2.o)
    0x00000168   0x00000168   0x00000004   Code   RO          507    .ARM.Collect$$rtexit$$00000003  c_p.l(rtexit2.o)
    0x0000016c   0x0000016c   0x00000006   Code   RO          508    .ARM.Collect$$rtexit$$00000004  c_p.l(rtexit2.o)
    0x00000172   0x00000172   0x00000002   PAD
    0x00000174   0x00000174   0x00000040   Code   RO          321  * .text               startup_mkl25z4.o
    0x000001b4   0x000001b4   0x00000052   Code   RO          350    .text               c_p.l(_printf_str.o)
    0x00000206   0x00000206   0x00000002   PAD
    0x00000208   0x00000208   0x000001f8   Code   RO          376    .text               c_p.l(aeabi_sdivfast.o)
    0x00000400   0x00000400   0x00000010   Code   RO          320    .ARM.__at_0x400     startup_mkl25z4.o
    0x00000410   0x00000410   0x00000006   Code   RO          384    .text               c_p.l(heapauxi.o)
    0x00000416   0x00000416   0x0000002e   Code   RO          406    .text               c_p.l(_printf_char.o)
    0x00000444   0x00000444   0x0000003e   Code   RO          429    .text               c_p.l(sys_stackheap_outer.o)
    0x00000482   0x00000482   0x00000010   Code   RO          432    .text               c_p.l(exit.o)
    0x00000492   0x00000492   0x00000002   PAD
    0x00000494   0x00000494   0x00000008   Code   RO          444    .text               c_p.l(libspace.o)
    0x0000049c   0x0000049c   0x0000000c   Code   RO          501    .text               c_p.l(sys_exit.o)
    0x000004a8   0x000004a8   0x00000002   Code   RO          524    .text               c_p.l(use_no_semi.o)
    0x000004aa   0x000004aa   0x00000000   Code   RO          526    .text               c_p.l(indicate_semi.o)
    0x000004aa   0x000004aa   0x00000002   PAD
    0x000004ac   0x000004ac   0x00000024   Code   RO          243    .text.Init_Comparator_Ldr  ldr.o
    0x000004d0   0x000004d0   0x00000040   Code   RO          104    .text.Init_UART     bluetooth.o
    0x00000510   0x00000510   0x00000048   Code   RO           62    .text.PIT_IRQHandler  ultrasonic.o
    0x00000558   0x00000558   0x0000003e   Code   RO          190    .text.Q_Dequeue     queues.o
    0x00000596   0x00000596   0x00000008   Code   RO          182    .text.Q_Empty       queues.o
    0x0000059e   0x0000059e   0x0000003a   Code   RO          188    .text.Q_Enqueue     queues.o
    0x000005d8   0x000005d8   0x0000000e   Code   RO          184    .text.Q_Full        queues.o
    0x000005e6   0x000005e6   0x0000001c   Code   RO          180    .text.Q_Init        queues.o
    0x00000602   0x00000602   0x00000002   PAD
    0x00000604   0x00000604   0x00000090   Code   RO          202    .text.RBBBR         led.o
    0x00000694   0x00000694   0x00000048   Code   RO          116    .text.Send_String   bluetooth.o
    0x000006dc   0x000006dc   0x00000010   Code   RO          233    .text.SysTick_Handler  millis.o
    0x000006ec   0x000006ec   0x0000000c   Code   RO          330    .text.SystemInit    system_mkl25z4.o
    0x000006f8   0x000006f8   0x00000028   Code   RO           29    .text.TPM0_IRQHandler  servo.o
    0x00000720   0x00000720   0x0000002c   Code   RO          278    .text.TPM1_IRQHandler  move.o
    0x0000074c   0x0000074c   0x00000050   Code   RO           56    .text.TPM2_IRQHandler  ultrasonic.o
    0x0000079c   0x0000079c   0x00000070   Code   RO          114    .text.UART0_IRQHandler  bluetooth.o
    0x0000080c   0x0000080c   0x0000000c   Code   RO           23    .text.__NVIC_ClearPendingIRQ  servo.o
    0x00000818   0x00000818   0x00000010   Code   RO           50    .text.__NVIC_ClearPendingIRQ  ultrasonic.o
    0x00000828   0x00000828   0x0000000c   Code   RO          108    .text.__NVIC_ClearPendingIRQ  bluetooth.o
    0x00000834   0x00000834   0x00000010   Code   RO          272    .text.__NVIC_ClearPendingIRQ  move.o
    0x00000844   0x00000844   0x0000000c   Code   RO           27    .text.__NVIC_EnableIRQ  servo.o
    0x00000850   0x00000850   0x00000010   Code   RO           54    .text.__NVIC_EnableIRQ  ultrasonic.o
    0x00000860   0x00000860   0x0000000c   Code   RO          110    .text.__NVIC_EnableIRQ  bluetooth.o
    0x0000086c   0x0000086c   0x00000010   Code   RO          276    .text.__NVIC_EnableIRQ  move.o
    0x0000087c   0x0000087c   0x00000014   Code   RO           25    .text.__NVIC_SetPriority  servo.o
    0x00000890   0x00000890   0x00000024   Code   RO           52    .text.__NVIC_SetPriority  ultrasonic.o
    0x000008b4   0x000008b4   0x00000014   Code   RO          106    .text.__NVIC_SetPriority  bluetooth.o
    0x000008c8   0x000008c8   0x00000018   Code   RO          274    .text.__NVIC_SetPriority  move.o
    0x000008e0   0x000008e0   0x00000018   Code   RO          120    .text.bluetooth_init  bluetooth.o
    0x000008f8   0x000008f8   0x00000010   Code   RO          229    .text.configure_systick  millis.o
    0x00000908   0x00000908   0x0000002c   Code   RO           80    .text.delay_ms      lcd.o
    0x00000934   0x00000934   0x00000124   Code   RO          258    .text.display       seven.o
    0x00000a58   0x00000a58   0x000000ec   Code   RO          256    .text.display_digits  seven.o
    0x00000b44   0x00000b44   0x00000018   Code   RO           64    .text.get_distance  ultrasonic.o
    0x00000b5c   0x00000b5c   0x00000028   Code   RO          245    .text.init_CMP_pin_Ldr  ldr.o
    0x00000b84   0x00000b84   0x0000006c   Code   RO           48    .text.init_Timer_IC  ultrasonic.o
    0x00000bf0   0x00000bf0   0x0000004c   Code   RO          270    .text.init_move_imer  move.o
    0x00000c3c   0x00000c3c   0x000000a4   Code   RO          280    .text.init_move_pins  move.o
    0x00000ce0   0x00000ce0   0x00000028   Code   RO           46    .text.init_pin_IC   ultrasonic.o
    0x00000d08   0x00000d08   0x00000030   Code   RO          102    .text.init_pins     bluetooth.o
    0x00000d38   0x00000d38   0x0000003c   Code   RO           31    .text.init_servo_pin  servo.o
    0x00000d74   0x00000d74   0x00000054   Code   RO           21    .text.init_servo_timer  servo.o
    0x00000dc8   0x00000dc8   0x000000e0   Code   RO           78    .text.initialize_lcd  lcd.o
    0x00000ea8   0x00000ea8   0x000000b8   Code   RO          200    .text.initialize_leds  led.o
    0x00000f60   0x00000f60   0x0000003c   Code   RO           58    .text.initialize_pit  ultrasonic.o
    0x00000f9c   0x00000f9c   0x00000110   Code   RO          254    .text.initialize_seven_segment  seven.o
    0x000010ac   0x000010ac   0x00000054   Code   RO           60    .text.initialize_timer  ultrasonic.o
    0x00001100   0x00001100   0x00000018   Code   RO           88    .text.lcd_clear     lcd.o
    0x00001118   0x00001118   0x00000026   Code   RO           90    .text.lcd_goto      lcd.o
    0x0000113e   0x0000113e   0x0000001c   Code   RO           86    .text.lcd_init      lcd.o
    0x0000115a   0x0000115a   0x00000002   PAD
    0x0000115c   0x0000115c   0x00000068   Code   RO           84    .text.lcd_write_char  lcd.o
    0x000011c4   0x000011c4   0x0000006c   Code   RO           82    .text.lcd_write_instruc  lcd.o
    0x00001230   0x00001230   0x00000024   Code   RO           92    .text.lcd_write_string  lcd.o
    0x00001254   0x00001254   0x000000cc   Code   RO            2    .text.main          main.o
    0x00001320   0x00001320   0x0000000c   Code   RO          231    .text.millis        millis.o
    0x0000132c   0x0000132c   0x00000018   Code   RO          284    .text.move_reverse  move.o
    0x00001344   0x00001344   0x000001f6   Code   RO          377    .text_divfast       c_p.l(aeabi_sdivfast.o)
    0x0000153a   0x0000153a   0x00000002   PAD
    0x0000153c   0x0000153c   0x0000001e   Data   RO           10    .rodata..L__const.main.buff  main.o
    0x0000155a   0x0000155a   0x00000002   PAD
    0x0000155c   0x0000155c   0x00000020   Data   RO          579    Region$$Table       anon$$obj.o


    Execution Region ER_RW (Exec base: 0x1ffff000, Load base: 0x0000157c, Size: 0x00000008, Max: 0xffffffff, ABSOLUTE)

    Exec Addr    Load Addr    Size         Type   Attr      Idx    E Section Name        Object

    0x1ffff000   0x0000157c   0x00000004   Data   RW           66    .data.counter       ultrasonic.o
    0x1ffff004   0x00001580   0x00000004   Data   RW           67    .data.interval      ultrasonic.o


    Execution Region ER_ZI (Exec base: 0x1ffff008, Load base: 0x00001584, Size: 0x00000398, Max: 0xffffffff, ABSOLUTE)

    Exec Addr    Load Addr    Size         Type   Attr      Idx    E Section Name        Object

    0x1ffff008        -       0x00000060   Zero   RW          445    .bss                c_p.l(libspace.o)
    0x1ffff068        -       0x0000010c   Zero   RW          170    .bss.RxQ            bluetooth.o
    0x1ffff174        -       0x00000004   Zero   RW           68    .bss.TPM2_IRQHandler.ctr  ultrasonic.o
    0x1ffff178        -       0x00000004   Zero   RW           69    .bss.TPM2_IRQHandler.previous  ultrasonic.o
    0x1ffff17c        -       0x0000010c   Zero   RW          171    .bss.TxQ            bluetooth.o
    0x1ffff288        -       0x00000004   Zero   RW          235    .bss.counter        millis.o
    0x1ffff28c        -       0x00000001   Zero   RW          260    .bss.display_digits.s  seven.o
    0x1ffff28d   0x00001584   0x00000003   PAD
    0x1ffff290        -       0x00000004   Zero   RW            6    .bss.distance       main.o
    0x1ffff294        -       0x00000004   Zero   RW          216    .bss.rbbbr_last_run  led.o
    0x1ffff298        -       0x00000001   Zero   RW          169    .bss.rxChar         bluetooth.o
    0x1ffff299   0x00001584   0x00000003   PAD
    0x1ffff29c        -       0x00000004   Zero   RW          261    .bss.seven_last_run  seven.o
    0x1ffff2a0        -       0x00000000   Zero   RW          318    HEAP                startup_mkl25z4.o
    0x1ffff2a0        -       0x00000100   Zero   RW          317    STACK               startup_mkl25z4.o


==============================================================================

Image component sizes


      Code (inc. data)   RO Data    RW Data    ZI Data      Debug   Object Name

       364         32          0          0        537       7339   bluetooth.o
       606         84          0          0          0       3493   lcd.o
        76         12          0          0          0       1834   ldr.o
       328         28          0          0          4       3256   led.o
       204         48         30          0          4       1077   main.o
        44          8          0          0          4       1030   millis.o
       364         32          0          0          0       4564   move.o
       170          0          0          0          0       2306   queues.o
       228         24          0          0          0       4264   servo.o
       800         72          0          0          5       2794   seven.o
        80         44        192          0        256        920   startup_mkl25z4.o
        12          4          0          0          0       2545   system_mkl25z4.o
       536         84          0          8          8       5119   ultrasonic.o

    ----------------------------------------------------------------------
      3816        472        256          8        824      40541   Object Totals
         0          0         32          0          0          0   (incl. Generated)
         4          0          2          0          6          0   (incl. Padding)

    ----------------------------------------------------------------------

      Code (inc. data)   RO Data    RW Data    ZI Data      Debug   Library Member Name

         8          0          0          0          0         68   __main.o
         0          0          0          0          0          0   __rtentry.o
        12          0          0          0          0          0   __rtentry2.o
         6          0          0          0          0          0   __rtentry4.o
        60          8          0          0          0          0   __scatter.o
        26          0          0          0          0          0   __scatter_copy.o
        28          0          0          0          0          0   __scatter_zi.o
        10          0          0          0          0          0   _printf_c.o
        46          0          0          0          0        100   _printf_char.o
         2          0          0          0          0          0   _printf_percent.o
         4          0          0          0          0          0   _printf_percent_end.o
        82          0          0          0          0         72   _printf_str.o
      1006          4          0          0          0        184   aeabi_sdivfast.o
        16          0          0          0          0         68   exit.o
         6          0          0          0          0        136   heapauxi.o
         0          0          0          0          0          0   indicate_semi.o
         2          0          0          0          0          0   libinit.o
         2          0          0          0          0          0   libinit2.o
         2          0          0          0          0          0   libshutdown.o
         2          0          0          0          0          0   libshutdown2.o
         8          4          0          0         96         68   libspace.o
         2          0          0          0          0          0   rtexit.o
        10          0          0          0          0          0   rtexit2.o
        12          4          0          0          0         60   sys_exit.o
        62          0          0          0          0         80   sys_stackheap_outer.o
         2          0          0          0          0         68   use_no_semi.o

    ----------------------------------------------------------------------
      1428         20          0          0         96        904   Library Totals
        12          0          0          0          0          0   (incl. Padding)

    ----------------------------------------------------------------------

      Code (inc. data)   RO Data    RW Data    ZI Data      Debug   Library Name

      1416         20          0          0         96        904   c_p.l

    ----------------------------------------------------------------------
      1428         20          0          0         96        904   Library Totals

    ----------------------------------------------------------------------

==============================================================================


      Code (inc. data)   RO Data    RW Data    ZI Data      Debug   

      5244        492        256          8        920      40985   Grand Totals
      5244        492        256          8        920      40985   ELF Image Totals
      5244        492        256          8          0          0   ROM Totals

==============================================================================

    Total RO  Size (Code + RO Data)                 5500 (   5.37kB)
    Total RW  Size (RW Data + ZI Data)               928 (   0.91kB)
    Total ROM Size (Code + RO Data + RW Data)       5508 (   5.38kB)

==============================================================================

